Archive member included to satisfy reference by file (symbol)

/Applications/STM32CubeIDE.app/Contents/Eclipse/plugins/com.st.stm32cube.ide.mcu.externaltools.gnu-tools-for-stm32.12.3.rel1.macos64_1.0.100.202403111906/tools/bin/../lib/gcc/arm-none-eabi/12.3.1/../../../../arm-none-eabi/lib/thumb/v7e-m+fp/hard/libc_nano.a(libc_a-exit.o)
                              /Applications/STM32CubeIDE.app/Contents/Eclipse/plugins/com.st.stm32cube.ide.mcu.externaltools.gnu-tools-for-stm32.12.3.rel1.macos64_1.0.100.202403111906/tools/bin/../lib/gcc/arm-none-eabi/12.3.1/../../../../arm-none-eabi/lib/thumb/v7e-m+fp/hard/crt0.o (exit)
/Applications/STM32CubeIDE.app/Contents/Eclipse/plugins/com.st.stm32cube.ide.mcu.externaltools.gnu-tools-for-stm32.12.3.rel1.macos64_1.0.100.202403111906/tools/bin/../lib/gcc/arm-none-eabi/12.3.1/../../../../arm-none-eabi/lib/thumb/v7e-m+fp/hard/libc_nano.a(libc_a-findfp.o)
                              /Applications/STM32CubeIDE.app/Contents/Eclipse/plugins/com.st.stm32cube.ide.mcu.externaltools.gnu-tools-for-stm32.12.3.rel1.macos64_1.0.100.202403111906/tools/bin/../lib/gcc/arm-none-eabi/12.3.1/../../../../arm-none-eabi/lib/thumb/v7e-m+fp/hard/libc_nano.a(libc_a-exit.o) (__stdio_exit_handler)
/Applications/STM32CubeIDE.app/Contents/Eclipse/plugins/com.st.stm32cube.ide.mcu.externaltools.gnu-tools-for-stm32.12.3.rel1.macos64_1.0.100.202403111906/tools/bin/../lib/gcc/arm-none-eabi/12.3.1/../../../../arm-none-eabi/lib/thumb/v7e-m+fp/hard/libc_nano.a(libc_a-fwalk.o)
                              /Applications/STM32CubeIDE.app/Contents/Eclipse/plugins/com.st.stm32cube.ide.mcu.externaltools.gnu-tools-for-stm32.12.3.rel1.macos64_1.0.100.202403111906/tools/bin/../lib/gcc/arm-none-eabi/12.3.1/../../../../arm-none-eabi/lib/thumb/v7e-m+fp/hard/libc_nano.a(libc_a-findfp.o) (_fwalk_sglue)
/Applications/STM32CubeIDE.app/Contents/Eclipse/plugins/com.st.stm32cube.ide.mcu.externaltools.gnu-tools-for-stm32.12.3.rel1.macos64_1.0.100.202403111906/tools/bin/../lib/gcc/arm-none-eabi/12.3.1/../../../../arm-none-eabi/lib/thumb/v7e-m+fp/hard/libc_nano.a(libc_a-memset.o)
                              /Applications/STM32CubeIDE.app/Contents/Eclipse/plugins/com.st.stm32cube.ide.mcu.externaltools.gnu-tools-for-stm32.12.3.rel1.macos64_1.0.100.202403111906/tools/bin/../lib/gcc/arm-none-eabi/12.3.1/../../../../arm-none-eabi/lib/thumb/v7e-m+fp/hard/crt0.o (memset)
/Applications/STM32CubeIDE.app/Contents/Eclipse/plugins/com.st.stm32cube.ide.mcu.externaltools.gnu-tools-for-stm32.12.3.rel1.macos64_1.0.100.202403111906/tools/bin/../lib/gcc/arm-none-eabi/12.3.1/../../../../arm-none-eabi/lib/thumb/v7e-m+fp/hard/libc_nano.a(libc_a-impure.o)
                              /Applications/STM32CubeIDE.app/Contents/Eclipse/plugins/com.st.stm32cube.ide.mcu.externaltools.gnu-tools-for-stm32.12.3.rel1.macos64_1.0.100.202403111906/tools/bin/../lib/gcc/arm-none-eabi/12.3.1/../../../../arm-none-eabi/lib/thumb/v7e-m+fp/hard/libc_nano.a(libc_a-findfp.o) (_impure_data)
/Applications/STM32CubeIDE.app/Contents/Eclipse/plugins/com.st.stm32cube.ide.mcu.externaltools.gnu-tools-for-stm32.12.3.rel1.macos64_1.0.100.202403111906/tools/bin/../lib/gcc/arm-none-eabi/12.3.1/../../../../arm-none-eabi/lib/thumb/v7e-m+fp/hard/libc_nano.a(libc_a-errno.o)
                              ./Core/Src/syscalls.o (__errno)
/Applications/STM32CubeIDE.app/Contents/Eclipse/plugins/com.st.stm32cube.ide.mcu.externaltools.gnu-tools-for-stm32.12.3.rel1.macos64_1.0.100.202403111906/tools/bin/../lib/gcc/arm-none-eabi/12.3.1/../../../../arm-none-eabi/lib/thumb/v7e-m+fp/hard/libc_nano.a(libc_a-init.o)
                              /Applications/STM32CubeIDE.app/Contents/Eclipse/plugins/com.st.stm32cube.ide.mcu.externaltools.gnu-tools-for-stm32.12.3.rel1.macos64_1.0.100.202403111906/tools/bin/../lib/gcc/arm-none-eabi/12.3.1/../../../../arm-none-eabi/lib/thumb/v7e-m+fp/hard/crt0.o (__libc_init_array)
/Applications/STM32CubeIDE.app/Contents/Eclipse/plugins/com.st.stm32cube.ide.mcu.externaltools.gnu-tools-for-stm32.12.3.rel1.macos64_1.0.100.202403111906/tools/bin/../lib/gcc/arm-none-eabi/12.3.1/../../../../arm-none-eabi/lib/thumb/v7e-m+fp/hard/libc_nano.a(libc_a-lock.o)
                              /Applications/STM32CubeIDE.app/Contents/Eclipse/plugins/com.st.stm32cube.ide.mcu.externaltools.gnu-tools-for-stm32.12.3.rel1.macos64_1.0.100.202403111906/tools/bin/../lib/gcc/arm-none-eabi/12.3.1/../../../../arm-none-eabi/lib/thumb/v7e-m+fp/hard/libc_nano.a(libc_a-findfp.o) (__retarget_lock_init_recursive)
/Applications/STM32CubeIDE.app/Contents/Eclipse/plugins/com.st.stm32cube.ide.mcu.externaltools.gnu-tools-for-stm32.12.3.rel1.macos64_1.0.100.202403111906/tools/bin/../lib/gcc/arm-none-eabi/12.3.1/../../../../arm-none-eabi/lib/thumb/v7e-m+fp/hard/libc_nano.a(libc_a-memcpy-stub.o)
                              ./ThirdParty/FreeRTOS/queue.o (memcpy)
[...]
Memory Configuration

Name             Origin             Length             Attributes
CCMRAM           0x10000000         0x00010000         xrw
RAM              0x20000000         0x00020000         xrw
FLASH            0x08000000         0x00100000         xr
*default*        0x00000000         0xffffffff

Linker script and memory map

LOAD /Applications/STM32CubeIDE.app/Contents/Eclipse/plugins/com.st.stm32cube.ide.mcu.externaltools.gnu-tools-for-stm32.12.3.rel1.macos64_1.0.100.202403111906/tools/bin/../lib/gcc/arm-none-eabi/12.3.1/thumb/v7e-m+fp/hard/crti.o
LOAD /Applications/STM32CubeIDE.app/Contents/Eclipse/plugins/com.st.stm32cube.ide.mcu.externaltools.gnu-tools-for-stm32.12.3.rel1.macos64_1.0.100.202403111906/tools/bin/../lib/gcc/arm-none-eabi/12.3.1/thumb/v7e-m+fp/hard/crtbegin.o
LOAD /Applications/STM32CubeIDE.app/Contents/Eclipse/plugins/com.st.stm32cube.ide.mcu.externaltools.gnu-tools-for-stm32.12.3.rel1.macos64_1.0.100.202403111906/tools/bin/../lib/gcc/arm-none-eabi/12.3.1/../../../../arm-none-eabi/lib/thumb/v7e-m+fp/hard/crt0.o
LOAD ./Core/Src/led_effect.o
LOAD ./Core/Src/main.o
LOAD ./Core/Src/rtc.o
LOAD ./Core/Src/stm32f4xx_hal_msp.o
LOAD ./Core/Src/stm32f4xx_hal_timebase_tim.o
LOAD ./Core/Src/stm32f4xx_it.o
LOAD ./Core/Src/syscalls.o
LOAD ./Core/Src/system_stm32f4xx.o
LOAD ./Core/Src/task_handler.o
LOAD ./Core/Startup/startup_stm32f407vgtx.o
LOAD ./Drivers/STM32F4xx_HAL_Driver/Src/stm32f4xx_hal.o
LOAD ./Drivers/STM32F4xx_HAL_Driver/Src/stm32f4xx_hal_cortex.o
LOAD ./Drivers/STM32F4xx_HAL_Driver/Src/stm32f4xx_hal_dma.o
LOAD ./Drivers/STM32F4xx_HAL_Driver/Src/stm32f4xx_hal_dma_ex.o
LOAD ./Drivers/STM32F4xx_HAL_Driver/Src/stm32f4xx_hal_exti.o
LOAD ./Drivers/STM32F4xx_HAL_Driver/Src/stm32f4xx_hal_flash.o
LOAD ./Drivers/STM32F4xx_HAL_Driver/Src/stm32f4xx_hal_flash_ex.o
LOAD ./Drivers/STM32F4xx_HAL_Driver/Src/stm32f4xx_hal_flash_ramfunc.o
LOAD ./Drivers/STM32F4xx_HAL_Driver/Src/stm32f4xx_hal_gpio.o
LOAD ./Drivers/STM32F4xx_HAL_Driver/Src/stm32f4xx_hal_pwr.o
LOAD ./Drivers/STM32F4xx_HAL_Driver/Src/stm32f4xx_hal_pwr_ex.o
LOAD ./Drivers/STM32F4xx_HAL_Driver/Src/stm32f4xx_hal_rcc.o
LOAD ./Drivers/STM32F4xx_HAL_Driver/Src/stm32f4xx_hal_rcc_ex.o
LOAD ./Drivers/STM32F4xx_HAL_Driver/Src/stm32f4xx_hal_rtc.o
LOAD ./Drivers/STM32F4xx_HAL_Driver/Src/stm32f4xx_hal_rtc_ex.o
LOAD ./Drivers/STM32F4xx_HAL_Driver/Src/stm32f4xx_hal_tim.o
LOAD ./Drivers/STM32F4xx_HAL_Driver/Src/stm32f4xx_hal_tim_ex.o
LOAD ./Drivers/STM32F4xx_HAL_Driver/Src/stm32f4xx_hal_uart.o
LOAD ./ThirdParty/FreeRTOS/croutine.o
LOAD ./ThirdParty/FreeRTOS/event_groups.o
LOAD ./ThirdParty/FreeRTOS/list.o
LOAD ./ThirdParty/FreeRTOS/queue.o
LOAD ./ThirdParty/FreeRTOS/stream_buffer.o
LOAD ./ThirdParty/FreeRTOS/tasks.o
LOAD ./ThirdParty/FreeRTOS/timers.o
LOAD ./ThirdParty/FreeRTOS/portable/GCC/ARM_CM4F/port.o
LOAD ./ThirdParty/FreeRTOS/portable/MemMang/heap_4.o
START GROUP
LOAD /Applications/STM32CubeIDE.app/Contents/Eclipse/plugins/com.st.stm32cube.ide.mcu.externaltools.gnu-tools-for-stm32.12.3.rel1.macos64_1.0.100.202403111906/tools/bin/../lib/gcc/arm-none-eabi/12.3.1/../../../../arm-none-eabi/lib/thumb/v7e-m+fp/hard/libc_nano.a
LOAD /Applications/STM32CubeIDE.app/Contents/Eclipse/plugins/com.st.stm32cube.ide.mcu.externaltools.gnu-tools-for-stm32.12.3.rel1.macos64_1.0.100.202403111906/tools/bin/../lib/gcc/arm-none-eabi/12.3.1/../../../../arm-none-eabi/lib/thumb/v7e-m+fp/hard/libm.a
END GROUP
START GROUP
LOAD /Applications/STM32CubeIDE.app/Contents/Eclipse/plugins/com.st.stm32cube.ide.mcu.externaltools.gnu-tools-for-stm32.12.3.rel1.macos64_1.0.100.202403111906/tools/bin/../lib/gcc/arm-none-eabi/12.3.1/thumb/v7e-m+fp/hard/libgcc.a
LOAD /Applications/STM32CubeIDE.app/Contents/Eclipse/plugins/com.st.stm32cube.ide.mcu.externaltools.gnu-tools-for-stm32.12.3.rel1.macos64_1.0.100.202403111906/tools/bin/../lib/gcc/arm-none-eabi/12.3.1/../../../../arm-none-eabi/lib/thumb/v7e-m+fp/hard/libc_nano.a
END GROUP
START GROUP
LOAD /Applications/STM32CubeIDE.app/Contents/Eclipse/plugins/com.st.stm32cube.ide.mcu.externaltools.gnu-tools-for-stm32.12.3.rel1.macos64_1.0.100.202403111906/tools/bin/../lib/gcc/arm-none-eabi/12.3.1/thumb/v7e-m+fp/hard/libgcc.a
LOAD /Applications/STM32CubeIDE.app/Contents/Eclipse/plugins/com.st.stm32cube.ide.mcu.externaltools.gnu-tools-for-stm32.12.3.rel1.macos64_1.0.100.202403111906/tools/bin/../lib/gcc/arm-none-eabi/12.3.1/../../../../arm-none-eabi/lib/thumb/v7e-m+fp/hard/libc_nano.a
LOAD /Applications/STM32CubeIDE.app/Contents/Eclipse/plugins/com.st.stm32cube.ide.mcu.externaltools.gnu-tools-for-stm32.12.3.rel1.macos64_1.0.100.202403111906/tools/bin/../lib/gcc/arm-none-eabi/12.3.1/../../../../arm-none-eabi/lib/thumb/v7e-m+fp/hard/libnosys.a
END GROUP
START GROUP
LOAD /Applications/STM32CubeIDE.app/Contents/Eclipse/plugins/com.st.stm32cube.ide.mcu.externaltools.gnu-tools-for-stm32.12.3.rel1.macos64_1.0.100.202403111906/tools/bin/../lib/gcc/arm-none-eabi/12.3.1/thumb/v7e-m+fp/hard/libgcc.a
LOAD /Applications/STM32CubeIDE.app/Contents/Eclipse/plugins/com.st.stm32cube.ide.mcu.externaltools.gnu-tools-for-stm32.12.3.rel1.macos64_1.0.100.202403111906/tools/bin/../lib/gcc/arm-none-eabi/12.3.1/../../../../arm-none-eabi/lib/thumb/v7e-m+fp/hard/libc_nano.a
LOAD /Applications/STM32CubeIDE.app/Contents/Eclipse/plugins/com.st.stm32cube.ide.mcu.externaltools.gnu-tools-for-stm32.12.3.rel1.macos64_1.0.100.202403111906/tools/bin/../lib/gcc/arm-none-eabi/12.3.1/../../../../arm-none-eabi/lib/thumb/v7e-m+fp/hard/libnosys.a
END GROUP
LOAD /Applications/STM32CubeIDE.app/Contents/Eclipse/plugins/com.st.stm32cube.ide.mcu.externaltools.gnu-tools-for-stm32.12.3.rel1.macos64_1.0.100.202403111906/tools/bin/../lib/gcc/arm-none-eabi/12.3.1/thumb/v7e-m+fp/hard/crtend.o
LOAD /Applications/STM32CubeIDE.app/Contents/Eclipse/plugins/com.st.stm32cube.ide.mcu.externaltools.gnu-tools-for-stm32.12.3.rel1.macos64_1.0.100.202403111906/tools/bin/../lib/gcc/arm-none-eabi/12.3.1/thumb/v7e-m+fp/hard/crtn.o
                0x20020000                        _estack = (ORIGIN (RAM) + LENGTH (RAM))
                0x00000200                        _Min_Heap_Size = 0x200
                0x00000400                        _Min_Stack_Size = 0x400

.isr_vector     0x08000000      0x188
                0x08000000                        . = ALIGN (0x4)
 *(.isr_vector)
 .isr_vector    0x08000000      0x188 ./Core/Startup/startup_stm32f407vgtx.o
                0x08000000                g_pfnVectors
                0x08000188                        . = ALIGN (0x4)

.text           0x08000190     0x6c60
                0x08000190                        . = ALIGN (0x4)
 *(.text)
 .text          0x08000190       0x40 /Applications/STM32CubeIDE.app/Contents/Eclipse/plugins/com.st.stm32cube.ide.mcu.externaltools.gnu-tools-for-stm32.12.3.rel1.macos64_1.0.100.202403111906/tools/bin/../lib/gcc/arm-none-eabi/12.3.1/thumb/v7e-m+fp/hard/crtbegin.o
 .text          0x080001d0       0x10 /Applications/STM32CubeIDE.app/Contents/Eclipse/plugins/com.st.stm32cube.ide.mcu.externaltools.gnu-tools-for-stm32.12.3.rel1.macos64_1.0.100.202403111906/tools/bin/../lib/gcc/arm-none-eabi/12.3.1/../../../../arm-none-eabi/lib/thumb/v7e-m+fp/hard/libc_nano.a(libc_a-strlen.o)
                0x080001d0                strlen
 .text          0x080001e0       0x14 /Applications/STM32CubeIDE.app/Contents/Eclipse/plugins/com.st.stm32cube.ide.mcu.externaltools.gnu-tools-for-stm32.12.3.rel1.macos64_1.0.100.202403111906/tools/bin/../lib/gcc/arm-none-eabi/12.3.1/../../../../arm-none-eabi/lib/thumb/v7e-m+fp/hard/libc_nano.a(libc_a-strcmp.o)
                0x080001e0                strcmp
 .text          0x080001f4       0x30 /Applications/STM32CubeIDE.app/Contents/Eclipse/plugins/com.st.stm32cube.ide.mcu.externaltools.gnu-tools-for-stm32.12.3.rel1.macos64_1.0.100.202403111906/tools/bin/../lib/gcc/arm-none-eabi/12.3.1/thumb/v7e-m+fp/hard/libgcc.a(_aeabi_uldivmod.o)
                0x080001f4                __aeabi_uldivmod
 .text          0x08000224      0x2bc /Applications/STM32CubeIDE.app/Contents/Eclipse/plugins/com.st.stm32cube.ide.mcu.externaltools.gnu-tools-for-stm32.12.3.rel1.macos64_1.0.100.202403111906/tools/bin/../lib/gcc/arm-none-eabi/12.3.1/thumb/v7e-m+fp/hard/libgcc.a(_udivmoddi4.o)
                0x08000224                __udivmoddi4
 .text          0x080004e0        0x4 /Applications/STM32CubeIDE.app/Contents/Eclipse/plugins/com.st.stm32cube.ide.mcu.externaltools.gnu-tools-for-stm32.12.3.rel1.macos64_1.0.100.202403111906/tools/bin/../lib/gcc/arm-none-eabi/12.3.1/thumb/v7e-m+fp/hard/libgcc.a(_dvmd_tls.o)
                0x080004e0                __aeabi_ldiv0
                0x080004e0                __aeabi_idiv0
 *(.text*)
 .text.main     0x080004e4      0x168 ./Core/Src/main.o
                0x080004e4                main
 .text.SystemClock_Config
                0x0800064c       0xd8 ./Core/Src/main.o
                0x0800064c                SystemClock_Config
 .text.MX_RTC_Init
                0x08000724       0x4c ./Core/Src/main.o
 .text.MX_USART2_UART_Init
                0x08000770       0x54 ./Core/Src/main.o
 .text.MX_GPIO_Init
                0x080007c4      0x2bc ./Core/Src/main.o
 .text.HAL_UART_RxCpltCallback
                0x08000a80       0x90 ./Core/Src/main.o
                0x08000a80                HAL_UART_RxCpltCallback
 .text.HAL_TIM_PeriodElapsedCallback
                0x08000b10       0x24 ./Core/Src/main.o
                0x08000b10                HAL_TIM_PeriodElapsedCallback
 .text.Error_Handler
                0x08000b34        0xc ./Core/Src/main.o
                0x08000b34                Error_Handler
 .text.HAL_MspInit
                0x08000b40       0x50 ./Core/Src/stm32f4xx_hal_msp.o
                0x08000b40                HAL_MspInit
 .text.HAL_RTC_MspInit
                0x08000b90       0x54 ./Core/Src/stm32f4xx_hal_msp.o
                0x08000b90                HAL_RTC_MspInit
 .text.HAL_UART_MspInit
                0x08000be4       0xa0 ./Core/Src/stm32f4xx_hal_msp.o
                0x08000be4                HAL_UART_MspInit
 .text.HAL_InitTick
                0x08000c84       0xf8 ./Core/Src/stm32f4xx_hal_timebase_tim.o
                0x08000c84                HAL_InitTick
 .text.NMI_Handler
                0x08000d7c        0x8 ./Core/Src/stm32f4xx_it.o
                0x08000d7c                NMI_Handler
 .text.HardFault_Handler
                0x08000d84        0x8 ./Core/Src/stm32f4xx_it.o
                0x08000d84                HardFault_Handler
 .text.MemManage_Handler
                0x08000d8c        0x8 ./Core/Src/stm32f4xx_it.o
                0x08000d8c                MemManage_Handler
 .text.BusFault_Handler
                0x08000d94        0x8 ./Core/Src/stm32f4xx_it.o
                0x08000d94                BusFault_Handler
 .text.UsageFault_Handler
                0x08000d9c        0x8 ./Core/Src/stm32f4xx_it.o
                0x08000d9c                UsageFault_Handler
 .text.DebugMon_Handler
                0x08000da4        0xe ./Core/Src/stm32f4xx_it.o
                0x08000da4                DebugMon_Handler
 *fill*         0x08000db2        0x2 
 .text.USART2_IRQHandler
                0x08000db4       0x14 ./Core/Src/stm32f4xx_it.o
                0x08000db4                USART2_IRQHandler
 .text.TIM6_DAC_IRQHandler
                0x08000dc8       0x14 ./Core/Src/stm32f4xx_it.o
                0x08000dc8                TIM6_DAC_IRQHandler
 .text.SystemInit
                0x08000ddc       0x24 ./Core/Src/system_stm32f4xx.o
                0x08000ddc                SystemInit
 .text.Menu_Task_Handler
                0x08000e00       0xd8 ./Core/Src/task_handler.o
                0x08000e00                Menu_Task_Handler
 .text.LED_Task_Handler
                0x08000ed8      0x198 ./Core/Src/task_handler.o
                0x08000ed8                LED_Task_Handler
 .text.RTC_Task_Handler
                0x08001070        0xc ./Core/Src/task_handler.o
                0x08001070                RTC_Task_Handler
 .text.Print_Task_Handler
                0x0800107c       0x40 ./Core/Src/task_handler.o
                0x0800107c                Print_Task_Handler
 .text.Command_Task_Handler
                0x080010bc       0x2e ./Core/Src/task_handler.o
                0x080010bc                Command_Task_Handler
 *fill*         0x080010ea        0x2 
 .text.Extract_Cmd
                0x080010ec       0x5c ./Core/Src/task_handler.o
                0x080010ec                Extract_Cmd
 .text.Process_User_Cmd
                0x08001148       0x8c ./Core/Src/task_handler.o
                0x08001148                Process_User_Cmd
 .text.Reset_Handler
                0x080011d4       0x50 ./Core/Startup/startup_stm32f407vgtx.o
                0x080011d4                Reset_Handler
 .text.Default_Handler
                0x08001224        0x2 ./Core/Startup/startup_stm32f407vgtx.o
                0x08001224                DMA1_Stream3_IRQHandler
                0x08001224                HASH_RNG_IRQHandler
                0x08001224                EXTI2_IRQHandler
                0x08001224                TIM8_CC_IRQHandler
                0x08001224                TIM1_CC_IRQHandler
                0x08001224                DMA2_Stream5_IRQHandler
                0x08001224                DMA1_Stream5_IRQHandler
                0x08001224                PVD_IRQHandler
                0x08001224                SDIO_IRQHandler
                0x08001224                TAMP_STAMP_IRQHandler
                0x08001224                CAN2_RX1_IRQHandler
                0x08001224                EXTI3_IRQHandler
                0x08001224                TIM8_TRG_COM_TIM14_IRQHandler
                0x08001224                TIM1_UP_TIM10_IRQHandler
                0x08001224                TIM8_UP_TIM13_IRQHandler
                0x08001224                I2C3_ER_IRQHandler
                0x08001224                EXTI0_IRQHandler
                0x08001224                I2C2_EV_IRQHandler
                0x08001224                DMA1_Stream2_IRQHandler
                0x08001224                CAN1_RX0_IRQHandler
                0x08001224                FPU_IRQHandler
                0x08001224                OTG_HS_WKUP_IRQHandler
                0x08001224                CAN2_SCE_IRQHandler
                0x08001224                DMA2_Stream2_IRQHandler
                0x08001224                SPI1_IRQHandler
                0x08001224                TIM1_BRK_TIM9_IRQHandler
                0x08001224                DCMI_IRQHandler
                0x08001224                CAN2_RX0_IRQHandler
                0x08001224                DMA2_Stream3_IRQHandler
                0x08001224                USART6_IRQHandler
                0x08001224                USART3_IRQHandler
                0x08001224                CAN1_RX1_IRQHandler
                0x08001224                UART5_IRQHandler
                0x08001224                DMA2_Stream0_IRQHandler
                0x08001224                TIM4_IRQHandler
                0x08001224                I2C1_EV_IRQHandler
                0x08001224                DMA1_Stream6_IRQHandler
                0x08001224                DMA1_Stream1_IRQHandler
                0x08001224                UART4_IRQHandler
                0x08001224                TIM3_IRQHandler
                0x08001224                RCC_IRQHandler
                0x08001224                TIM8_BRK_TIM12_IRQHandler
                0x08001224                Default_Handler
                0x08001224                EXTI15_10_IRQHandler
                0x08001224                ADC_IRQHandler
                0x08001224                DMA1_Stream7_IRQHandler
                0x08001224                TIM7_IRQHandler
                0x08001224                CAN2_TX_IRQHandler
                0x08001224                TIM5_IRQHandler
                0x08001224                DMA2_Stream7_IRQHandler
                0x08001224                I2C3_EV_IRQHandler
                0x08001224                EXTI9_5_IRQHandler
                0x08001224                RTC_WKUP_IRQHandler
                0x08001224                ETH_WKUP_IRQHandler
                0x08001224                SPI2_IRQHandler
                0x08001224                OTG_HS_EP1_IN_IRQHandler
                0x08001224                DMA1_Stream0_IRQHandler
                0x08001224                CAN1_TX_IRQHandler
                0x08001224                EXTI4_IRQHandler
                0x08001224                FSMC_IRQHandler
                0x08001224                ETH_IRQHandler
                0x08001224                OTG_HS_EP1_OUT_IRQHandler
                0x08001224                WWDG_IRQHandler
                0x08001224                TIM2_IRQHandler
                0x08001224                OTG_FS_WKUP_IRQHandler
                0x08001224                TIM1_TRG_COM_TIM11_IRQHandler
                0x08001224                OTG_HS_IRQHandler
                0x08001224                EXTI1_IRQHandler
                0x08001224                I2C2_ER_IRQHandler
                0x08001224                DMA2_Stream1_IRQHandler
                0x08001224                CAN1_SCE_IRQHandler
                0x08001224                FLASH_IRQHandler
                0x08001224                DMA2_Stream4_IRQHandler
                0x08001224                USART1_IRQHandler
                0x08001224                OTG_FS_IRQHandler
                0x08001224                SPI3_IRQHandler
                0x08001224                DMA1_Stream4_IRQHandler
                0x08001224                I2C1_ER_IRQHandler
                0x08001224                DMA2_Stream6_IRQHandler
                0x08001224                RTC_Alarm_IRQHandler
 *fill*         0x08001226        0x2 
 .text.HAL_Init
                0x08001228       0x44 ./Drivers/STM32F4xx_HAL_Driver/Src/stm32f4xx_hal.o
                0x08001228                HAL_Init
 .text.HAL_IncTick
                0x0800126c       0x28 ./Drivers/STM32F4xx_HAL_Driver/Src/stm32f4xx_hal.o
                0x0800126c                HAL_IncTick
 .text.HAL_GetTick
                0x08001294       0x18 ./Drivers/STM32F4xx_HAL_Driver/Src/stm32f4xx_hal.o
                0x08001294                HAL_GetTick
 .text.__NVIC_SetPriorityGrouping
                0x080012ac       0x48 ./Drivers/STM32F4xx_HAL_Driver/Src/stm32f4xx_hal_cortex.o
 .text.__NVIC_GetPriorityGrouping
                0x080012f4       0x1c ./Drivers/STM32F4xx_HAL_Driver/Src/stm32f4xx_hal_cortex.o
 .text.__NVIC_EnableIRQ
                0x08001310       0x3c ./Drivers/STM32F4xx_HAL_Driver/Src/stm32f4xx_hal_cortex.o
 .text.__NVIC_SetPriority
                0x0800134c       0x54 ./Drivers/STM32F4xx_HAL_Driver/Src/stm32f4xx_hal_cortex.o
 .text.NVIC_EncodePriority
                0x080013a0       0x66 ./Drivers/STM32F4xx_HAL_Driver/Src/stm32f4xx_hal_cortex.o
 .text.HAL_NVIC_SetPriorityGrouping
                0x08001406       0x16 ./Drivers/STM32F4xx_HAL_Driver/Src/stm32f4xx_hal_cortex.o
                0x08001406                HAL_NVIC_SetPriorityGrouping
 .text.HAL_NVIC_SetPriority
                0x0800141c       0x38 ./Drivers/STM32F4xx_HAL_Driver/Src/stm32f4xx_hal_cortex.o
                0x0800141c                HAL_NVIC_SetPriority
 .text.HAL_NVIC_EnableIRQ
                0x08001454       0x1c ./Drivers/STM32F4xx_HAL_Driver/Src/stm32f4xx_hal_cortex.o
                0x08001454                HAL_NVIC_EnableIRQ
 .text.HAL_DMA_Abort
                0x08001470       0xe0 ./Drivers/STM32F4xx_HAL_Driver/Src/stm32f4xx_hal_dma.o
                0x08001470                HAL_DMA_Abort
 .text.HAL_DMA_Abort_IT
                0x08001550       0x44 ./Drivers/STM32F4xx_HAL_Driver/Src/stm32f4xx_hal_dma.o
                0x08001550                HAL_DMA_Abort_IT
 .text.HAL_GPIO_Init
                0x08001594      0x338 ./Drivers/STM32F4xx_HAL_Driver/Src/stm32f4xx_hal_gpio.o
                0x08001594                HAL_GPIO_Init
 .text.HAL_GPIO_WritePin
                0x080018cc       0x32 ./Drivers/STM32F4xx_HAL_Driver/Src/stm32f4xx_hal_gpio.o
                0x080018cc                HAL_GPIO_WritePin
 *fill*         0x080018fe        0x2 
 .text.HAL_RCC_OscConfig
                0x08001900      0x4f0 ./Drivers/STM32F4xx_HAL_Driver/Src/stm32f4xx_hal_rcc.o
                0x08001900                HAL_RCC_OscConfig
 .text.HAL_RCC_ClockConfig
                0x08001df0      0x1cc ./Drivers/STM32F4xx_HAL_Driver/Src/stm32f4xx_hal_rcc.o
                0x08001df0                HAL_RCC_ClockConfig
 .text.HAL_RCC_GetSysClockFreq
                0x08001fbc      0x20c ./Drivers/STM32F4xx_HAL_Driver/Src/stm32f4xx_hal_rcc.o
                0x08001fbc                HAL_RCC_GetSysClockFreq
 .text.HAL_RCC_GetHCLKFreq
                0x080021c8       0x18 ./Drivers/STM32F4xx_HAL_Driver/Src/stm32f4xx_hal_rcc.o
                0x080021c8                HAL_RCC_GetHCLKFreq
 .text.HAL_RCC_GetPCLK1Freq
                0x080021e0       0x28 ./Drivers/STM32F4xx_HAL_Driver/Src/stm32f4xx_hal_rcc.o
                0x080021e0                HAL_RCC_GetPCLK1Freq
 .text.HAL_RCC_GetPCLK2Freq
                0x08002208       0x28 ./Drivers/STM32F4xx_HAL_Driver/Src/stm32f4xx_hal_rcc.o
                0x08002208                HAL_RCC_GetPCLK2Freq
 .text.HAL_RCC_GetClockConfig
                0x08002230       0x64 ./Drivers/STM32F4xx_HAL_Driver/Src/stm32f4xx_hal_rcc.o
                0x08002230                HAL_RCC_GetClockConfig
 .text.HAL_RCCEx_PeriphCLKConfig
                0x08002294      0x1c4 ./Drivers/STM32F4xx_HAL_Driver/Src/stm32f4xx_hal_rcc_ex.o
                0x08002294                HAL_RCCEx_PeriphCLKConfig
 .text.HAL_RTC_Init
                0x08002458      0x106 ./Drivers/STM32F4xx_HAL_Driver/Src/stm32f4xx_hal_rtc.o
                0x08002458                HAL_RTC_Init
 *fill*         0x0800255e        0x2 
 .text.HAL_RTC_WaitForSynchro
                0x08002560       0x4c ./Drivers/STM32F4xx_HAL_Driver/Src/stm32f4xx_hal_rtc.o
                0x08002560                HAL_RTC_WaitForSynchro
 .text.RTC_EnterInitMode
                0x080025ac       0x6e ./Drivers/STM32F4xx_HAL_Driver/Src/stm32f4xx_hal_rtc.o
                0x080025ac                RTC_EnterInitMode
 .text.RTC_ExitInitMode
                0x0800261a       0x4a ./Drivers/STM32F4xx_HAL_Driver/Src/stm32f4xx_hal_rtc.o
                0x0800261a                RTC_ExitInitMode
 .text.HAL_TIM_Base_Init
                0x08002664       0x9e ./Drivers/STM32F4xx_HAL_Driver/Src/stm32f4xx_hal_tim.o
                0x08002664                HAL_TIM_Base_Init
 .text.HAL_TIM_Base_MspInit
                0x08002702       0x14 ./Drivers/STM32F4xx_HAL_Driver/Src/stm32f4xx_hal_tim.o
                0x08002702                HAL_TIM_Base_MspInit
 *fill*         0x08002716        0x2 
 .text.HAL_TIM_Base_Start_IT
                0x08002718       0xe0 ./Drivers/STM32F4xx_HAL_Driver/Src/stm32f4xx_hal_tim.o
                0x08002718                HAL_TIM_Base_Start_IT
 .text.HAL_TIM_IRQHandler
                0x080027f8      0x1e0 ./Drivers/STM32F4xx_HAL_Driver/Src/stm32f4xx_hal_tim.o
                0x080027f8                HAL_TIM_IRQHandler
 .text.HAL_TIM_OC_DelayElapsedCallback
                0x080029d8       0x14 ./Drivers/STM32F4xx_HAL_Driver/Src/stm32f4xx_hal_tim.o
                0x080029d8                HAL_TIM_OC_DelayElapsedCallback
 .text.HAL_TIM_IC_CaptureCallback
                0x080029ec       0x14 ./Drivers/STM32F4xx_HAL_Driver/Src/stm32f4xx_hal_tim.o
                0x080029ec                HAL_TIM_IC_CaptureCallback
 .text.HAL_TIM_PWM_PulseFinishedCallback
                0x08002a00       0x14 ./Drivers/STM32F4xx_HAL_Driver/Src/stm32f4xx_hal_tim.o
                0x08002a00                HAL_TIM_PWM_PulseFinishedCallback
 .text.HAL_TIM_TriggerCallback
                0x08002a14       0x14 ./Drivers/STM32F4xx_HAL_Driver/Src/stm32f4xx_hal_tim.o
                0x08002a14                HAL_TIM_TriggerCallback
 .text.TIM_Base_SetConfig
                0x08002a28      0x158 ./Drivers/STM32F4xx_HAL_Driver/Src/stm32f4xx_hal_tim.o
                0x08002a28                TIM_Base_SetConfig
 .text.HAL_TIMEx_CommutCallback
                0x08002b80       0x14 ./Drivers/STM32F4xx_HAL_Driver/Src/stm32f4xx_hal_tim_ex.o
                0x08002b80                HAL_TIMEx_CommutCallback
 .text.HAL_TIMEx_BreakCallback
                0x08002b94       0x14 ./Drivers/STM32F4xx_HAL_Driver/Src/stm32f4xx_hal_tim_ex.o
                0x08002b94                HAL_TIMEx_BreakCallback
 .text.HAL_UART_Init
                0x08002ba8       0xa0 ./Drivers/STM32F4xx_HAL_Driver/Src/stm32f4xx_hal_uart.o
                0x08002ba8                HAL_UART_Init
 .text.HAL_UART_Transmit
                0x08002c48      0x116 ./Drivers/STM32F4xx_HAL_Driver/Src/stm32f4xx_hal_uart.o
                0x08002c48                HAL_UART_Transmit
 .text.HAL_UART_Receive_IT
                0x08002d5e       0x4a ./Drivers/STM32F4xx_HAL_Driver/Src/stm32f4xx_hal_uart.o
                0x08002d5e                HAL_UART_Receive_IT
 .text.HAL_UART_IRQHandler
                0x08002da8      0x524 ./Drivers/STM32F4xx_HAL_Driver/Src/stm32f4xx_hal_uart.o
                0x08002da8                HAL_UART_IRQHandler
 .text.HAL_UART_TxCpltCallback
                0x080032cc       0x14 ./Drivers/STM32F4xx_HAL_Driver/Src/stm32f4xx_hal_uart.o
                0x080032cc                HAL_UART_TxCpltCallback
 .text.HAL_UART_ErrorCallback
                0x080032e0       0x14 ./Drivers/STM32F4xx_HAL_Driver/Src/stm32f4xx_hal_uart.o
                0x080032e0                HAL_UART_ErrorCallback
 .text.HAL_UARTEx_RxEventCallback
                0x080032f4       0x18 ./Drivers/STM32F4xx_HAL_Driver/Src/stm32f4xx_hal_uart.o
                0x080032f4                HAL_UARTEx_RxEventCallback
 .text.UART_WaitOnFlagUntilTimeout
                0x0800330c       0xb2 ./Drivers/STM32F4xx_HAL_Driver/Src/stm32f4xx_hal_uart.o
 .text.UART_Start_Receive_IT
                0x080033be       0x74 ./Drivers/STM32F4xx_HAL_Driver/Src/stm32f4xx_hal_uart.o
                0x080033be                UART_Start_Receive_IT
 .text.UART_EndRxTransfer
                0x08003432       0xc6 ./Drivers/STM32F4xx_HAL_Driver/Src/stm32f4xx_hal_uart.o
 .text.UART_DMAAbortOnError
                0x080034f8       0x28 ./Drivers/STM32F4xx_HAL_Driver/Src/stm32f4xx_hal_uart.o
 .text.UART_Transmit_IT
                0x08003520       0xa0 ./Drivers/STM32F4xx_HAL_Driver/Src/stm32f4xx_hal_uart.o
 .text.UART_EndTransmit_IT
                0x080035c0       0x30 ./Drivers/STM32F4xx_HAL_Driver/Src/stm32f4xx_hal_uart.o
 .text.UART_Receive_IT
                0x080035f0      0x17c ./Drivers/STM32F4xx_HAL_Driver/Src/stm32f4xx_hal_uart.o
 .text.UART_SetConfig
                0x0800376c      0x4e8 ./Drivers/STM32F4xx_HAL_Driver/Src/stm32f4xx_hal_uart.o
 .text.vListInitialise
                0x08003c54       0x40 ./ThirdParty/FreeRTOS/list.o
                0x08003c54                vListInitialise
 .text.vListInitialiseItem
                0x08003c94       0x1a ./ThirdParty/FreeRTOS/list.o
                0x08003c94                vListInitialiseItem
 .text.vListInsert
                0x08003cae       0x72 ./ThirdParty/FreeRTOS/list.o
                0x08003cae                vListInsert
 .text.uxListRemove
                0x08003d20       0x54 ./ThirdParty/FreeRTOS/list.o
                0x08003d20                uxListRemove
 .text.xQueueGenericReset
                0x08003d74      0x124 ./ThirdParty/FreeRTOS/queue.o
                0x08003d74                xQueueGenericReset
 .text.xQueueGenericCreate
                0x08003e98       0x9e ./ThirdParty/FreeRTOS/queue.o
                0x08003e98                xQueueGenericCreate
 .text.prvInitialiseNewQueue
                0x08003f36       0x46 ./ThirdParty/FreeRTOS/queue.o
 .text.xQueueGenericSend
                0x08003f7c      0x204 ./ThirdParty/FreeRTOS/queue.o
                0x08003f7c                xQueueGenericSend
 .text.xQueueGenericSendFromISR
                0x08004180      0x15c ./ThirdParty/FreeRTOS/queue.o
                0x08004180                xQueueGenericSendFromISR
 .text.xQueueReceive
                0x080042dc      0x1c4 ./ThirdParty/FreeRTOS/queue.o
                0x080042dc                xQueueReceive
 .text.xQueueReceiveFromISR
                0x080044a0      0x124 ./ThirdParty/FreeRTOS/queue.o
                0x080044a0                xQueueReceiveFromISR
 .text.prvCopyDataToQueue
                0x080045c4       0xd4 ./ThirdParty/FreeRTOS/queue.o
 .text.prvCopyDataFromQueue
                0x08004698       0x4c ./ThirdParty/FreeRTOS/queue.o
 .text.prvUnlockQueue
                0x080046e4       0xa4 ./ThirdParty/FreeRTOS/queue.o
 .text.prvIsQueueEmpty
                0x08004788       0x2c ./ThirdParty/FreeRTOS/queue.o
 .text.prvIsQueueFull
                0x080047b4       0x30 ./ThirdParty/FreeRTOS/queue.o
 .text.xQueueIsQueueFullFromISR
                0x080047e4       0x4e ./ThirdParty/FreeRTOS/queue.o
                0x080047e4                xQueueIsQueueFullFromISR
 *fill*         0x08004832        0x2 
 .text.vQueueAddToRegistry
                0x08004834       0xa0 ./ThirdParty/FreeRTOS/queue.o
                0x08004834                vQueueAddToRegistry
 .text.vQueueWaitForMessageRestricted
                0x080048d4       0x68 ./ThirdParty/FreeRTOS/queue.o
                0x080048d4                vQueueWaitForMessageRestricted
 .text.xTaskCreate
                0x0800493c       0x82 ./ThirdParty/FreeRTOS/tasks.o
                0x0800493c                xTaskCreate
 .text.prvInitialiseNewTask
                0x080049be      0x14c ./ThirdParty/FreeRTOS/tasks.o
 *fill*         0x08004b0a        0x2 
 .text.prvAddNewTaskToReadyList
                0x08004b0c      0x12c ./ThirdParty/FreeRTOS/tasks.o
 .text.vTaskStartScheduler
                0x08004c38       0xa4 ./ThirdParty/FreeRTOS/tasks.o
                0x08004c38                vTaskStartScheduler
 .text.vTaskSuspendAll
                0x08004cdc       0x1c ./ThirdParty/FreeRTOS/tasks.o
                0x08004cdc                vTaskSuspendAll
 .text.xTaskResumeAll
                0x08004cf8      0x1f8 ./ThirdParty/FreeRTOS/tasks.o
                0x08004cf8                xTaskResumeAll
 .text.xTaskGetTickCount
                0x08004ef0       0x20 ./ThirdParty/FreeRTOS/tasks.o
                0x08004ef0                xTaskGetTickCount
 .text.xTaskIncrementTick
                0x08004f10      0x230 ./ThirdParty/FreeRTOS/tasks.o
                0x08004f10                xTaskIncrementTick
 .text.vTaskSwitchContext
                0x08005140       0xb8 ./ThirdParty/FreeRTOS/tasks.o
                0x08005140                vTaskSwitchContext
 .text.vTaskPlaceOnEventList
                0x080051f8       0x4c ./ThirdParty/FreeRTOS/tasks.o
                0x080051f8                vTaskPlaceOnEventList
 .text.vTaskPlaceOnEventListRestricted
                0x08005244       0x8c ./ThirdParty/FreeRTOS/tasks.o
                0x08005244                vTaskPlaceOnEventListRestricted
 .text.xTaskRemoveFromEventList
                0x080052d0      0x1b0 ./ThirdParty/FreeRTOS/tasks.o
                0x080052d0                xTaskRemoveFromEventList
 .text.vTaskInternalSetTimeOutState
                0x08005480       0x2c ./ThirdParty/FreeRTOS/tasks.o
                0x08005480                vTaskInternalSetTimeOutState
 .text.xTaskCheckForTimeOut
                0x080054ac       0xd0 ./ThirdParty/FreeRTOS/tasks.o
                0x080054ac                xTaskCheckForTimeOut
 .text.vTaskMissedYield
                0x0800557c       0x18 ./ThirdParty/FreeRTOS/tasks.o
                0x0800557c                vTaskMissedYield
 .text.prvIdleTask
                0x08005594       0x30 ./ThirdParty/FreeRTOS/tasks.o
 .text.prvInitialiseTaskLists
                0x080055c4       0x80 ./ThirdParty/FreeRTOS/tasks.o
 .text.prvCheckTasksWaitingTermination
                0x08005644       0x5c ./ThirdParty/FreeRTOS/tasks.o
 .text.prvDeleteTCB
                0x080056a0       0x20 ./ThirdParty/FreeRTOS/tasks.o
 .text.prvResetNextTaskUnblockTime
                0x080056c0       0x38 ./ThirdParty/FreeRTOS/tasks.o
 .text.xTaskGetSchedulerState
                0x080056f8       0x3c ./ThirdParty/FreeRTOS/tasks.o
                0x080056f8                xTaskGetSchedulerState
 .text.xTaskPriorityDisinherit
                0x08005734      0x14c ./ThirdParty/FreeRTOS/tasks.o
                0x08005734                xTaskPriorityDisinherit
 .text.xTaskGenericNotifyWait
                0x08005880      0x100 ./ThirdParty/FreeRTOS/tasks.o
                0x08005880                xTaskGenericNotifyWait
 .text.xTaskGenericNotify
                0x08005980      0x24c ./ThirdParty/FreeRTOS/tasks.o
                0x08005980                xTaskGenericNotify
 .text.xTaskGenericNotifyFromISR
                0x08005bcc      0x2c0 ./ThirdParty/FreeRTOS/tasks.o
                0x08005bcc                xTaskGenericNotifyFromISR
 .text.prvAddCurrentTaskToDelayedList
                0x08005e8c      0x100 ./ThirdParty/FreeRTOS/tasks.o
 .text.xTimerCreateTimerTask
                0x08005f8c       0x68 ./ThirdParty/FreeRTOS/timers.o
                0x08005f8c                xTimerCreateTimerTask
 .text.prvReloadTimer
                0x08005ff4       0x42 ./ThirdParty/FreeRTOS/timers.o
 *fill*         0x08006036        0x2 
 .text.prvProcessExpiredTimer
                0x08006038       0x60 ./ThirdParty/FreeRTOS/timers.o
 .text.prvTimerTask
                0x08006098       0x26 ./ThirdParty/FreeRTOS/timers.o
 *fill*         0x080060be        0x2 
 .text.prvProcessTimerOrBlockTask
                0x080060c0       0x9c ./ThirdParty/FreeRTOS/timers.o
 .text.prvGetNextExpireTime
                0x0800615c       0x48 ./ThirdParty/FreeRTOS/timers.o
 .text.prvSampleTimeNow
                0x080061a4       0x40 ./ThirdParty/FreeRTOS/timers.o
 .text.prvInsertTimerInActiveList
                0x080061e4       0x84 ./ThirdParty/FreeRTOS/timers.o
 .text.prvProcessReceivedCommands
                0x08006268      0x184 ./ThirdParty/FreeRTOS/timers.o
 .text.prvSwitchTimerLists
                0x080063ec       0x4c ./ThirdParty/FreeRTOS/timers.o
 .text.prvCheckForValidListAndQueue
                0x08006438       0x6c ./ThirdParty/FreeRTOS/timers.o
 .text.pxPortInitialiseStack
                0x080064a4       0x68 ./ThirdParty/FreeRTOS/portable/GCC/ARM_CM4F/port.o
                0x080064a4                pxPortInitialiseStack
 .text.prvTaskExitError
                0x0800650c       0x5c ./ThirdParty/FreeRTOS/portable/GCC/ARM_CM4F/port.o
 *fill*         0x08006568        0x8 
 .text.SVC_Handler
                0x08006570       0x28 ./ThirdParty/FreeRTOS/portable/GCC/ARM_CM4F/port.o
                0x08006570                SVC_Handler
 .text.prvPortStartFirstTask
                0x08006598       0x2c ./ThirdParty/FreeRTOS/portable/GCC/ARM_CM4F/port.o
 .text.xPortStartScheduler
                0x080065c4      0x148 ./ThirdParty/FreeRTOS/portable/GCC/ARM_CM4F/port.o
                0x080065c4                xPortStartScheduler
 .text.vPortEnterCritical
                0x0800670c       0x64 ./ThirdParty/FreeRTOS/portable/GCC/ARM_CM4F/port.o
                0x0800670c                vPortEnterCritical
 .text.vPortExitCritical
                0x08006770       0x54 ./ThirdParty/FreeRTOS/portable/GCC/ARM_CM4F/port.o
                0x08006770                vPortExitCritical
 *fill*         0x080067c4        0xc 
 .text.PendSV_Handler
                0x080067d0       0x68 ./ThirdParty/FreeRTOS/portable/GCC/ARM_CM4F/port.o
                0x080067d0                PendSV_Handler
 .text.SysTick_Handler
                0x08006838       0x44 ./ThirdParty/FreeRTOS/portable/GCC/ARM_CM4F/port.o
                0x08006838                SysTick_Handler
 .text.vPortSetupTimerInterrupt
                0x0800687c       0x48 ./ThirdParty/FreeRTOS/portable/GCC/ARM_CM4F/port.o
                0x0800687c                vPortSetupTimerInterrupt
 .text.vPortEnableVFP
                0x080068c4       0x18 ./ThirdParty/FreeRTOS/portable/GCC/ARM_CM4F/port.o
 .text.vPortValidateInterruptPriority
                0x080068dc       0x84 ./ThirdParty/FreeRTOS/portable/GCC/ARM_CM4F/port.o
                0x080068dc                vPortValidateInterruptPriority
 .text.pvPortMalloc
                0x08006960      0x1c4 ./ThirdParty/FreeRTOS/portable/MemMang/heap_4.o
                0x08006960                pvPortMalloc
 .text.vPortFree
                0x08006b24       0xc8 ./ThirdParty/FreeRTOS/portable/MemMang/heap_4.o
                0x08006b24                vPortFree
 .text.prvHeapInit
                0x08006bec       0xc4 ./ThirdParty/FreeRTOS/portable/MemMang/heap_4.o
 .text.prvInsertBlockIntoFreeList
                0x08006cb0       0xb4 ./ThirdParty/FreeRTOS/portable/MemMang/heap_4.o
 .text.memset   0x08006d64       0x10 /Applications/STM32CubeIDE.app/Contents/Eclipse/plugins/com.st.stm32cube.ide.mcu.externaltools.gnu-tools-for-stm32.12.3.rel1.macos64_1.0.100.202403111906/tools/bin/../lib/gcc/arm-none-eabi/12.3.1/../../../../arm-none-eabi/lib/thumb/v7e-m+fp/hard/libc_nano.a(libc_a-memset.o)
                0x08006d64                memset
 .text.__libc_init_array
                0x08006d74       0x48 /Applications/STM32CubeIDE.app/Contents/Eclipse/plugins/com.st.stm32cube.ide.mcu.externaltools.gnu-tools-for-stm32.12.3.rel1.macos64_1.0.100.202403111906/tools/bin/../lib/gcc/arm-none-eabi/12.3.1/../../../../arm-none-eabi/lib/thumb/v7e-m+fp/hard/libc_nano.a(libc_a-init.o)
                0x08006d74                __libc_init_array
 .text.memcpy   0x08006dbc       0x1c /Applications/STM32CubeIDE.app/Contents/Eclipse/plugins/com.st.stm32cube.ide.mcu.externaltools.gnu-tools-for-stm32.12.3.rel1.macos64_1.0.100.202403111906/tools/bin/../lib/gcc/arm-none-eabi/12.3.1/../../../../arm-none-eabi/lib/thumb/v7e-m+fp/hard/libc_nano.a(libc_a-memcpy-stub.o)
                0x08006dbc                memcpy
 *(.glue_7)
 .glue_7        0x08006dd8        0x0 linker stubs
 *(.glue_7t)
 .glue_7t       0x08006dd8        0x0 linker stubs
 *(.eh_frame)
 .eh_frame      0x08006dd8        0x0 /Applications/STM32CubeIDE.app/Contents/Eclipse/plugins/com.st.stm32cube.ide.mcu.externaltools.gnu-tools-for-stm32.12.3.rel1.macos64_1.0.100.202403111906/tools/bin/../lib/gcc/arm-none-eabi/12.3.1/thumb/v7e-m+fp/hard/crtbegin.o
 *(.init)
 .init          0x08006dd8        0x4 /Applications/STM32CubeIDE.app/Contents/Eclipse/plugins/com.st.stm32cube.ide.mcu.externaltools.gnu-tools-for-stm32.12.3.rel1.macos64_1.0.100.202403111906/tools/bin/../lib/gcc/arm-none-eabi/12.3.1/thumb/v7e-m+fp/hard/crti.o
                0x08006dd8                _init
 .init          0x08006ddc        0x8 /Applications/STM32CubeIDE.app/Contents/Eclipse/plugins/com.st.stm32cube.ide.mcu.externaltools.gnu-tools-for-stm32.12.3.rel1.macos64_1.0.100.202403111906/tools/bin/../lib/gcc/arm-none-eabi/12.3.1/thumb/v7e-m+fp/hard/crtn.o
 *(.fini)
 .fini          0x08006de4        0x4 /Applications/STM32CubeIDE.app/Contents/Eclipse/plugins/com.st.stm32cube.ide.mcu.externaltools.gnu-tools-for-stm32.12.3.rel1.macos64_1.0.100.202403111906/tools/bin/../lib/gcc/arm-none-eabi/12.3.1/thumb/v7e-m+fp/hard/crti.o
                0x08006de4                _fini
 .fini          0x08006de8        0x8 /Applications/STM32CubeIDE.app/Contents/Eclipse/plugins/com.st.stm32cube.ide.mcu.externaltools.gnu-tools-for-stm32.12.3.rel1.macos64_1.0.100.202403111906/tools/bin/../lib/gcc/arm-none-eabi/12.3.1/thumb/v7e-m+fp/hard/crtn.o
                0x08006df0                        . = ALIGN (0x4)
                0x08006df0                        _etext = .

.vfp11_veneer   0x08006df0        0x0
 .vfp11_veneer  0x08006df0        0x0 linker stubs

.v4_bx          0x08006df0        0x0
 .v4_bx         0x08006df0        0x0 linker stubs

.iplt           0x08006df0        0x0
 .iplt          0x08006df0        0x0 /Applications/STM32CubeIDE.app/Contents/Eclipse/plugins/com.st.stm32cube.ide.mcu.externaltools.gnu-tools-for-stm32.12.3.rel1.macos64_1.0.100.202403111906/tools/bin/../lib/gcc/arm-none-eabi/12.3.1/thumb/v7e-m+fp/hard/crtbegin.o

.rodata         0x08006df0      0x140
                0x08006df0                        . = ALIGN (0x4)
 *(.rodata)
 .rodata        0x08006df0       0x39 ./Core/Src/main.o
 *fill*         0x08006e29        0x3 
 .rodata        0x08006e2c       0xd3 ./Core/Src/task_handler.o
 *fill*         0x08006eff        0x1 
 .rodata        0x08006f00        0x5 ./ThirdParty/FreeRTOS/tasks.o
 *fill*         0x08006f05        0x3 
 .rodata        0x08006f08        0xd ./ThirdParty/FreeRTOS/timers.o
 *(.rodata*)
 *fill*         0x08006f15        0x3 
 .rodata.AHBPrescTable
                0x08006f18       0x10 ./Core/Src/system_stm32f4xx.o
                0x08006f18                AHBPrescTable
 .rodata.APBPrescTable
                0x08006f28        0x8 ./Core/Src/system_stm32f4xx.o
                0x08006f28                APBPrescTable
                0x08006f30                        . = ALIGN (0x4)

.ARM.extab      0x08006f30        0x0
                0x08006f30                        . = ALIGN (0x4)
 *(.ARM.extab* .gnu.linkonce.armextab.*)
                0x08006f30                        . = ALIGN (0x4)

.ARM            0x08006f30        0x8
                0x08006f30                        . = ALIGN (0x4)
                0x08006f30                        __exidx_start = .
 *(.ARM.exidx*)
 .ARM.exidx     0x08006f30        0x8 /Applications/STM32CubeIDE.app/Contents/Eclipse/plugins/com.st.stm32cube.ide.mcu.externaltools.gnu-tools-for-stm32.12.3.rel1.macos64_1.0.100.202403111906/tools/bin/../lib/gcc/arm-none-eabi/12.3.1/../../../../arm-none-eabi/lib/thumb/v7e-m+fp/hard/libc_nano.a(libc_a-strlen.o)
 .ARM.exidx     0x08006f38        0x0 /Applications/STM32CubeIDE.app/Contents/Eclipse/plugins/com.st.stm32cube.ide.mcu.externaltools.gnu-tools-for-stm32.12.3.rel1.macos64_1.0.100.202403111906/tools/bin/../lib/gcc/arm-none-eabi/12.3.1/../../../../arm-none-eabi/lib/thumb/v7e-m+fp/hard/libc_nano.a(libc_a-strcmp.o)
                                  0x8 (size before relaxing)
 .ARM.exidx     0x08006f38        0x0 /Applications/STM32CubeIDE.app/Contents/Eclipse/plugins/com.st.stm32cube.ide.mcu.externaltools.gnu-tools-for-stm32.12.3.rel1.macos64_1.0.100.202403111906/tools/bin/../lib/gcc/arm-none-eabi/12.3.1/thumb/v7e-m+fp/hard/libgcc.a(_udivmoddi4.o)
                                  0x8 (size before relaxing)
                0x08006f38                        __exidx_end = .
                0x08006f38                        . = ALIGN (0x4)

.preinit_array  0x08006f38        0x0
                0x08006f38                        . = ALIGN (0x4)
                0x08006f38                        PROVIDE (__preinit_array_start = .)
 *(.preinit_array*)
                0x08006f38                        PROVIDE (__preinit_array_end = .)
                0x08006f38                        . = ALIGN (0x4)

.init_array     0x08006f38        0x4
                0x08006f38                        . = ALIGN (0x4)
                0x08006f38                        PROVIDE (__init_array_start = .)
 *(SORT_BY_NAME(.init_array.*))
 *(.init_array*)
 .init_array    0x08006f38        0x4 /Applications/STM32CubeIDE.app/Contents/Eclipse/plugins/com.st.stm32cube.ide.mcu.externaltools.gnu-tools-for-stm32.12.3.rel1.macos64_1.0.100.202403111906/tools/bin/../lib/gcc/arm-none-eabi/12.3.1/thumb/v7e-m+fp/hard/crtbegin.o
                0x08006f3c                        PROVIDE (__init_array_end = .)
                0x08006f3c                        . = ALIGN (0x4)

.fini_array     0x08006f3c        0x4
                0x08006f3c                        . = ALIGN (0x4)
                [!provide]                        PROVIDE (__fini_array_start = .)
 *(SORT_BY_NAME(.fini_array.*))
 *(.fini_array*)
 .fini_array    0x08006f3c        0x4 /Applications/STM32CubeIDE.app/Contents/Eclipse/plugins/com.st.stm32cube.ide.mcu.externaltools.gnu-tools-for-stm32.12.3.rel1.macos64_1.0.100.202403111906/tools/bin/../lib/gcc/arm-none-eabi/12.3.1/thumb/v7e-m+fp/hard/crtbegin.o
                [!provide]                        PROVIDE (__fini_array_end = .)
                0x08006f40                        . = ALIGN (0x4)
                0x08006f40                        _sidata = LOADADDR (.data)

.rel.dyn        0x08006f40        0x0
 .rel.iplt      0x08006f40        0x0 /Applications/STM32CubeIDE.app/Contents/Eclipse/plugins/com.st.stm32cube.ide.mcu.externaltools.gnu-tools-for-stm32.12.3.rel1.macos64_1.0.100.202403111906/tools/bin/../lib/gcc/arm-none-eabi/12.3.1/thumb/v7e-m+fp/hard/crtbegin.o

.data           0x20000000       0x14 load address 0x08006f40
                0x20000000                        . = ALIGN (0x4)
                0x20000000                        _sdata = .
 *(.data)
 *(.data*)
 .data.SystemCoreClock
                0x20000000        0x4 ./Core/Src/system_stm32f4xx.o
                0x20000000                SystemCoreClock
 .data.uwTickPrio
                0x20000004        0x4 ./Drivers/STM32F4xx_HAL_Driver/Src/stm32f4xx_hal.o
                0x20000004                uwTickPrio
 .data.uwTickFreq
                0x20000008        0x1 ./Drivers/STM32F4xx_HAL_Driver/Src/stm32f4xx_hal.o
                0x20000008                uwTickFreq
 *fill*         0x20000009        0x3 
 .data.uxTopUsedPriority
                0x2000000c        0x4 ./ThirdParty/FreeRTOS/tasks.o
                0x2000000c                uxTopUsedPriority
 .data.uxCriticalNesting
                0x20000010        0x4 ./ThirdParty/FreeRTOS/portable/GCC/ARM_CM4F/port.o
 *(.RamFunc)
 *(.RamFunc*)
                0x20000014                        . = ALIGN (0x4)
                0x20000014                        _edata = .
                0x08006f54                        _siccmram = LOADADDR (.ccmram)

.igot.plt       0x20000014        0x0 load address 0x08006f54
 .igot.plt      0x20000014        0x0 /Applications/STM32CubeIDE.app/Contents/Eclipse/plugins/com.st.stm32cube.ide.mcu.externaltools.gnu-tools-for-stm32.12.3.rel1.macos64_1.0.100.202403111906/tools/bin/../lib/gcc/arm-none-eabi/12.3.1/thumb/v7e-m+fp/hard/crtbegin.o

.ccmram         0x10000000        0x0 load address 0x08006f54
                0x10000000                        . = ALIGN (0x4)
                0x10000000                        _sccmram = .
 *(.ccmram)
 *(.ccmram*)
                0x10000000                        . = ALIGN (0x4)
                0x10000000                        _eccmram = .
                0x10000000                        . = ALIGN (0x4)

.bss            0x20000014    0x12e9c
                0x20000014                        _sbss = .
                0x20000014                        __bss_start__ = _sbss
 *(.bss)
 .bss           0x20000014       0x1c /Applications/STM32CubeIDE.app/Contents/Eclipse/plugins/com.st.stm32cube.ide.mcu.externaltools.gnu-tools-for-stm32.12.3.rel1.macos64_1.0.100.202403111906/tools/bin/../lib/gcc/arm-none-eabi/12.3.1/thumb/v7e-m+fp/hard/crtbegin.o
 *(.bss*)
 .bss.hrtc      0x20000030       0x20 ./Core/Src/main.o
                0x20000030                hrtc
 .bss.huart2    0x20000050       0x48 ./Core/Src/main.o
                0x20000050                huart2
 .bss.Menu_Task_Handle
                0x20000098        0x4 ./Core/Src/main.o
                0x20000098                Menu_Task_Handle
 .bss.LED_Task_Handle
                0x2000009c        0x4 ./Core/Src/main.o
                0x2000009c                LED_Task_Handle
 .bss.RTC_Task_Handle
                0x200000a0        0x4 ./Core/Src/main.o
                0x200000a0                RTC_Task_Handle
 .bss.Print_Task_Handle
                0x200000a4        0x4 ./Core/Src/main.o
                0x200000a4                Print_Task_Handle
 .bss.Command_Task_Handle
                0x200000a8        0x4 ./Core/Src/main.o
                0x200000a8                Command_Task_Handle
 .bss.user_data
                0x200000ac        0x1 ./Core/Src/main.o
                0x200000ac                user_data
 *fill*         0x200000ad        0x3 
 .bss.input_data_queue
                0x200000b0        0x4 ./Core/Src/main.o
                0x200000b0                input_data_queue
 .bss.print_queue
                0x200000b4        0x4 ./Core/Src/main.o
                0x200000b4                print_queue
 .bss.e_state   0x200000b8        0x1 ./Core/Src/main.o
                0x200000b8                e_state
 *fill*         0x200000b9        0x3 
 .bss.htim6     0x200000bc       0x48 ./Core/Src/stm32f4xx_hal_timebase_tim.o
                0x200000bc                htim6
 .bss.uwTick    0x20000104        0x4 ./Drivers/STM32F4xx_HAL_Driver/Src/stm32f4xx_hal.o
                0x20000104                uwTick
 .bss.xQueueRegistry
                0x20000108       0x40 ./ThirdParty/FreeRTOS/queue.o
                0x20000108                xQueueRegistry
 .bss.pxCurrentTCB
                0x20000148        0x4 ./ThirdParty/FreeRTOS/tasks.o
                0x20000148                pxCurrentTCB
 .bss.pxReadyTasksLists
                0x2000014c       0x64 ./ThirdParty/FreeRTOS/tasks.o
 .bss.xDelayedTaskList1
                0x200001b0       0x14 ./ThirdParty/FreeRTOS/tasks.o
 .bss.xDelayedTaskList2
                0x200001c4       0x14 ./ThirdParty/FreeRTOS/tasks.o
 .bss.pxDelayedTaskList
                0x200001d8        0x4 ./ThirdParty/FreeRTOS/tasks.o
 .bss.pxOverflowDelayedTaskList
                0x200001dc        0x4 ./ThirdParty/FreeRTOS/tasks.o
 .bss.xPendingReadyList
                0x200001e0       0x14 ./ThirdParty/FreeRTOS/tasks.o
 .bss.xTasksWaitingTermination
                0x200001f4       0x14 ./ThirdParty/FreeRTOS/tasks.o
 .bss.uxDeletedTasksWaitingCleanUp
                0x20000208        0x4 ./ThirdParty/FreeRTOS/tasks.o
 .bss.xSuspendedTaskList
                0x2000020c       0x14 ./ThirdParty/FreeRTOS/tasks.o
 .bss.uxCurrentNumberOfTasks
                0x20000220        0x4 ./ThirdParty/FreeRTOS/tasks.o
 .bss.xTickCount
                0x20000224        0x4 ./ThirdParty/FreeRTOS/tasks.o
 .bss.uxTopReadyPriority
                0x20000228        0x4 ./ThirdParty/FreeRTOS/tasks.o
 .bss.xSchedulerRunning
                0x2000022c        0x4 ./ThirdParty/FreeRTOS/tasks.o
 .bss.xPendedTicks
                0x20000230        0x4 ./ThirdParty/FreeRTOS/tasks.o
 .bss.xYieldPending
                0x20000234        0x4 ./ThirdParty/FreeRTOS/tasks.o
 .bss.xNumOfOverflows
                0x20000238        0x4 ./ThirdParty/FreeRTOS/tasks.o
 .bss.uxTaskNumber
                0x2000023c        0x4 ./ThirdParty/FreeRTOS/tasks.o
 .bss.xNextTaskUnblockTime
                0x20000240        0x4 ./ThirdParty/FreeRTOS/tasks.o
 .bss.xIdleTaskHandle
                0x20000244        0x4 ./ThirdParty/FreeRTOS/tasks.o
 .bss.uxSchedulerSuspended
                0x20000248        0x4 ./ThirdParty/FreeRTOS/tasks.o
 .bss.xActiveTimerList1
                0x2000024c       0x14 ./ThirdParty/FreeRTOS/timers.o
 .bss.xActiveTimerList2
                0x20000260       0x14 ./ThirdParty/FreeRTOS/timers.o
 .bss.pxCurrentTimerList
                0x20000274        0x4 ./ThirdParty/FreeRTOS/timers.o
 .bss.pxOverflowTimerList
                0x20000278        0x4 ./ThirdParty/FreeRTOS/timers.o
 .bss.xTimerQueue
                0x2000027c        0x4 ./ThirdParty/FreeRTOS/timers.o
 .bss.xTimerTaskHandle
                0x20000280        0x4 ./ThirdParty/FreeRTOS/timers.o
 .bss.xLastTime.0
                0x20000284        0x4 ./ThirdParty/FreeRTOS/timers.o
 .bss.ucMaxSysCallPriority
                0x20000288        0x1 ./ThirdParty/FreeRTOS/portable/GCC/ARM_CM4F/port.o
 *fill*         0x20000289        0x3 
 .bss.ulMaxPRIGROUPValue
                0x2000028c        0x4 ./ThirdParty/FreeRTOS/portable/GCC/ARM_CM4F/port.o
 .bss.ucHeap    0x20000290    0x12c00 ./ThirdParty/FreeRTOS/portable/MemMang/heap_4.o
 .bss.xStart    0x20012e90        0x8 ./ThirdParty/FreeRTOS/portable/MemMang/heap_4.o
 .bss.pxEnd     0x20012e98        0x4 ./ThirdParty/FreeRTOS/portable/MemMang/heap_4.o
 .bss.xFreeBytesRemaining
                0x20012e9c        0x4 ./ThirdParty/FreeRTOS/portable/MemMang/heap_4.o
 .bss.xMinimumEverFreeBytesRemaining
                0x20012ea0        0x4 ./ThirdParty/FreeRTOS/portable/MemMang/heap_4.o
 .bss.xNumberOfSuccessfulAllocations
                0x20012ea4        0x4 ./ThirdParty/FreeRTOS/portable/MemMang/heap_4.o
 .bss.xNumberOfSuccessfulFrees
                0x20012ea8        0x4 ./ThirdParty/FreeRTOS/portable/MemMang/heap_4.o
 .bss.xBlockAllocatedBit
                0x20012eac        0x4 ./ThirdParty/FreeRTOS/portable/MemMang/heap_4.o
 *(COMMON)
                0x20012eb0                        . = ALIGN (0x4)
                0x20012eb0                        _ebss = .
                0x20012eb0                        __bss_end__ = _ebss

._user_heap_stack
                0x20012eb0      0x600
                0x20012eb0                        . = ALIGN (0x8)
                0x20012eb0                        PROVIDE (end = .)
                [!provide]                        PROVIDE (_end = .)
                0x200130b0                        . = (. + _Min_Heap_Size)
 *fill*         0x20012eb0      0x200 
                0x200134b0                        . = (. + _Min_Stack_Size)
 *fill*         0x200130b0      0x400 
                0x200134b0                        . = ALIGN (0x8)

/DISCARD/
 libc.a(*)
 libm.a(*)
 libgcc.a(*)

.ARM.attributes
                0x00000000       0x30
 *(.ARM.attributes)
 .ARM.attributes
                0x00000000       0x22 /Applications/STM32CubeIDE.app/Contents/Eclipse/plugins/com.st.stm32cube.ide.mcu.externaltools.gnu-tools-for-stm32.12.3.rel1.macos64_1.0.100.202403111906/tools/bin/../lib/gcc/arm-none-eabi/12.3.1/thumb/v7e-m+fp/hard/crti.o
 .ARM.attributes
                0x00000022       0x34 /Applications/STM32CubeIDE.app/Contents/Eclipse/plugins/com.st.stm32cube.ide.mcu.externaltools.gnu-tools-for-stm32.12.3.rel1.macos64_1.0.100.202403111906/tools/bin/../lib/gcc/arm-none-eabi/12.3.1/thumb/v7e-m+fp/hard/crtbegin.o
 .ARM.attributes
                0x00000056       0x34 ./Core/Src/main.o
 .ARM.attributes
                0x0000008a       0x34 ./Core/Src/stm32f4xx_hal_msp.o
 .ARM.attributes
                0x000000be       0x34 ./Core/Src/stm32f4xx_hal_timebase_tim.o
 .ARM.attributes
                0x000000f2       0x34 ./Core/Src/stm32f4xx_it.o
 .ARM.attributes
                0x00000126       0x34 ./Core/Src/system_stm32f4xx.o
 .ARM.attributes
                0x0000015a       0x34 ./Core/Src/task_handler.o
 .ARM.attributes
                0x0000018e       0x21 ./Core/Startup/startup_stm32f407vgtx.o
 .ARM.attributes
                0x000001af       0x34 ./Drivers/STM32F4xx_HAL_Driver/Src/stm32f4xx_hal.o
 .ARM.attributes
                0x000001e3       0x34 ./Drivers/STM32F4xx_HAL_Driver/Src/stm32f4xx_hal_cortex.o
 .ARM.attributes
                0x00000217       0x34 ./Drivers/STM32F4xx_HAL_Driver/Src/stm32f4xx_hal_dma.o
 .ARM.attributes
                0x0000024b       0x34 ./Drivers/STM32F4xx_HAL_Driver/Src/stm32f4xx_hal_gpio.o
 .ARM.attributes
                0x0000027f       0x34 ./Drivers/STM32F4xx_HAL_Driver/Src/stm32f4xx_hal_rcc.o
 .ARM.attributes
                0x000002b3       0x34 ./Drivers/STM32F4xx_HAL_Driver/Src/stm32f4xx_hal_rcc_ex.o
 .ARM.attributes
                0x000002e7       0x34 ./Drivers/STM32F4xx_HAL_Driver/Src/stm32f4xx_hal_rtc.o
 .ARM.attributes
                0x0000031b       0x34 ./Drivers/STM32F4xx_HAL_Driver/Src/stm32f4xx_hal_tim.o
 .ARM.attributes
                0x0000034f       0x34 ./Drivers/STM32F4xx_HAL_Driver/Src/stm32f4xx_hal_tim_ex.o
 .ARM.attributes
                0x00000383       0x34 ./Drivers/STM32F4xx_HAL_Driver/Src/stm32f4xx_hal_uart.o
 .ARM.attributes
                0x000003b7       0x34 ./ThirdParty/FreeRTOS/list.o
 .ARM.attributes
                0x000003eb       0x34 ./ThirdParty/FreeRTOS/queue.o
 .ARM.attributes
                0x0000041f       0x34 ./ThirdParty/FreeRTOS/tasks.o
 .ARM.attributes
                0x00000453       0x34 ./ThirdParty/FreeRTOS/timers.o
 .ARM.attributes
                0x00000487       0x34 ./ThirdParty/FreeRTOS/portable/GCC/ARM_CM4F/port.o
 .ARM.attributes
                0x000004bb       0x34 ./ThirdParty/FreeRTOS/portable/MemMang/heap_4.o
 .ARM.attributes
                0x000004ef       0x34 /Applications/STM32CubeIDE.app/Contents/Eclipse/plugins/com.st.stm32cube.ide.mcu.externaltools.gnu-tools-for-stm32.12.3.rel1.macos64_1.0.100.202403111906/tools/bin/../lib/gcc/arm-none-eabi/12.3.1/../../../../arm-none-eabi/lib/thumb/v7e-m+fp/hard/libc_nano.a(libc_a-memset.o)
 .ARM.attributes
                0x00000523       0x34 /Applications/STM32CubeIDE.app/Contents/Eclipse/plugins/com.st.stm32cube.ide.mcu.externaltools.gnu-tools-for-stm32.12.3.rel1.macos64_1.0.100.202403111906/tools/bin/../lib/gcc/arm-none-eabi/12.3.1/../../../../arm-none-eabi/lib/thumb/v7e-m+fp/hard/libc_nano.a(libc_a-init.o)
 .ARM.attributes
                0x00000557       0x34 /Applications/STM32CubeIDE.app/Contents/Eclipse/plugins/com.st.stm32cube.ide.mcu.externaltools.gnu-tools-for-stm32.12.3.rel1.macos64_1.0.100.202403111906/tools/bin/../lib/gcc/arm-none-eabi/12.3.1/../../../../arm-none-eabi/lib/thumb/v7e-m+fp/hard/libc_nano.a(libc_a-memcpy-stub.o)
 .ARM.attributes
                0x0000058b       0x17 /Applications/STM32CubeIDE.app/Contents/Eclipse/plugins/com.st.stm32cube.ide.mcu.externaltools.gnu-tools-for-stm32.12.3.rel1.macos64_1.0.100.202403111906/tools/bin/../lib/gcc/arm-none-eabi/12.3.1/../../../../arm-none-eabi/lib/thumb/v7e-m+fp/hard/libc_nano.a(libc_a-strlen.o)
 .ARM.attributes
                0x000005a2       0x20 /Applications/STM32CubeIDE.app/Contents/Eclipse/plugins/com.st.stm32cube.ide.mcu.externaltools.gnu-tools-for-stm32.12.3.rel1.macos64_1.0.100.202403111906/tools/bin/../lib/gcc/arm-none-eabi/12.3.1/../../../../arm-none-eabi/lib/thumb/v7e-m+fp/hard/libc_nano.a(libc_a-strcmp.o)
 .ARM.attributes
                0x000005c2       0x22 /Applications/STM32CubeIDE.app/Contents/Eclipse/plugins/com.st.stm32cube.ide.mcu.externaltools.gnu-tools-for-stm32.12.3.rel1.macos64_1.0.100.202403111906/tools/bin/../lib/gcc/arm-none-eabi/12.3.1/thumb/v7e-m+fp/hard/libgcc.a(_aeabi_uldivmod.o)
 .ARM.attributes
                0x000005e4       0x34 /Applications/STM32CubeIDE.app/Contents/Eclipse/plugins/com.st.stm32cube.ide.mcu.externaltools.gnu-tools-for-stm32.12.3.rel1.macos64_1.0.100.202403111906/tools/bin/../lib/gcc/arm-none-eabi/12.3.1/thumb/v7e-m+fp/hard/libgcc.a(_udivmoddi4.o)
 .ARM.attributes
                0x00000618       0x22 /Applications/STM32CubeIDE.app/Contents/Eclipse/plugins/com.st.stm32cube.ide.mcu.externaltools.gnu-tools-for-stm32.12.3.rel1.macos64_1.0.100.202403111906/tools/bin/../lib/gcc/arm-none-eabi/12.3.1/thumb/v7e-m+fp/hard/libgcc.a(_dvmd_tls.o)
 .ARM.attributes
                0x0000063a       0x22 /Applications/STM32CubeIDE.app/Contents/Eclipse/plugins/com.st.stm32cube.ide.mcu.externaltools.gnu-tools-for-stm32.12.3.rel1.macos64_1.0.100.202403111906/tools/bin/../lib/gcc/arm-none-eabi/12.3.1/thumb/v7e-m+fp/hard/crtn.o
OUTPUT(FreeRTOS_STMCube_IDE.elf elf32-littlearm)
LOAD linker stubs
LOAD /Applications/STM32CubeIDE.app/Contents/Eclipse/plugins/com.st.stm32cube.ide.mcu.externaltools.gnu-tools-for-stm32.12.3.rel1.macos64_1.0.100.202403111906/tools/bin/../lib/gcc/arm-none-eabi/12.3.1/../../../../arm-none-eabi/lib/thumb/v7e-m+fp/hard/libc.a
LOAD /Applications/STM32CubeIDE.app/Contents/Eclipse/plugins/com.st.stm32cube.ide.mcu.externaltools.gnu-tools-for-stm32.12.3.rel1.macos64_1.0.100.202403111906/tools/bin/../lib/gcc/arm-none-eabi/12.3.1/../../../../arm-none-eabi/lib/thumb/v7e-m+fp/hard/libm.a
LOAD /Applications/STM32CubeIDE.app/Contents/Eclipse/plugins/com.st.stm32cube.ide.mcu.externaltools.gnu-tools-for-stm32.12.3.rel1.macos64_1.0.100.202403111906/tools/bin/../lib/gcc/arm-none-eabi/12.3.1/thumb/v7e-m+fp/hard/libgcc.a

.debug_info     0x00000000    0x150f8
 .debug_info    0x00000000     0x16ca ./Core/Src/main.o
 .debug_info    0x000016ca     0x1010 ./Core/Src/stm32f4xx_hal_msp.o
 .debug_info    0x000026da      0xbee ./Core/Src/stm32f4xx_hal_timebase_tim.o
 .debug_info    0x000032c8      0x95c ./Core/Src/stm32f4xx_it.o
 .debug_info    0x00003c24      0x512 ./Core/Src/system_stm32f4xx.o
 .debug_info    0x00004136      0xae3 ./Core/Src/task_handler.o
 .debug_info    0x00004c19       0x30 ./Core/Startup/startup_stm32f407vgtx.o
 .debug_info    0x00004c49      0x944 ./Drivers/STM32F4xx_HAL_Driver/Src/stm32f4xx_hal.o
 .debug_info    0x0000558d      0xd8c ./Drivers/STM32F4xx_HAL_Driver/Src/stm32f4xx_hal_cortex.o
 .debug_info    0x00006319      0x8e7 ./Drivers/STM32F4xx_HAL_Driver/Src/stm32f4xx_hal_dma.o
 .debug_info    0x00006c00      0x6c3 ./Drivers/STM32F4xx_HAL_Driver/Src/stm32f4xx_hal_gpio.o
 .debug_info    0x000072c3      0x8af ./Drivers/STM32F4xx_HAL_Driver/Src/stm32f4xx_hal_rcc.o
 .debug_info    0x00007b72      0x536 ./Drivers/STM32F4xx_HAL_Driver/Src/stm32f4xx_hal_rcc_ex.o
 .debug_info    0x000080a8      0xc20 ./Drivers/STM32F4xx_HAL_Driver/Src/stm32f4xx_hal_rtc.o
 .debug_info    0x00008cc8     0x299d ./Drivers/STM32F4xx_HAL_Driver/Src/stm32f4xx_hal_tim.o
 .debug_info    0x0000b665     0x14db ./Drivers/STM32F4xx_HAL_Driver/Src/stm32f4xx_hal_tim_ex.o
 .debug_info    0x0000cb40     0x2f4f ./Drivers/STM32F4xx_HAL_Driver/Src/stm32f4xx_hal_uart.o
 .debug_info    0x0000fa8f      0x2af ./ThirdParty/FreeRTOS/list.o
 .debug_info    0x0000fd3e     0x180d ./ThirdParty/FreeRTOS/queue.o
 .debug_info    0x0001154b     0x2401 ./ThirdParty/FreeRTOS/tasks.o
 .debug_info    0x0001394c      0xdf6 ./ThirdParty/FreeRTOS/timers.o
 .debug_info    0x00014742      0x4e1 ./ThirdParty/FreeRTOS/portable/GCC/ARM_CM4F/port.o
 .debug_info    0x00014c23      0x4d5 ./ThirdParty/FreeRTOS/portable/MemMang/heap_4.o

.debug_abbrev   0x00000000     0x32f1
 .debug_abbrev  0x00000000      0x359 ./Core/Src/main.o
 .debug_abbrev  0x00000359      0x20d ./Core/Src/stm32f4xx_hal_msp.o
 .debug_abbrev  0x00000566      0x1f4 ./Core/Src/stm32f4xx_hal_timebase_tim.o
 .debug_abbrev  0x0000075a      0x188 ./Core/Src/stm32f4xx_it.o
 .debug_abbrev  0x000008e2      0x11a ./Core/Src/system_stm32f4xx.o
 .debug_abbrev  0x000009fc      0x231 ./Core/Src/task_handler.o
 .debug_abbrev  0x00000c2d       0x24 ./Core/Startup/startup_stm32f407vgtx.o
 .debug_abbrev  0x00000c51      0x214 ./Drivers/STM32F4xx_HAL_Driver/Src/stm32f4xx_hal.o
 .debug_abbrev  0x00000e65      0x31d ./Drivers/STM32F4xx_HAL_Driver/Src/stm32f4xx_hal_cortex.o
 .debug_abbrev  0x00001182      0x264 ./Drivers/STM32F4xx_HAL_Driver/Src/stm32f4xx_hal_dma.o
 .debug_abbrev  0x000013e6      0x1d4 ./Drivers/STM32F4xx_HAL_Driver/Src/stm32f4xx_hal_gpio.o
 .debug_abbrev  0x000015ba      0x2b7 ./Drivers/STM32F4xx_HAL_Driver/Src/stm32f4xx_hal_rcc.o
 .debug_abbrev  0x00001871      0x1b0 ./Drivers/STM32F4xx_HAL_Driver/Src/stm32f4xx_hal_rcc_ex.o
 .debug_abbrev  0x00001a21      0x1ee ./Drivers/STM32F4xx_HAL_Driver/Src/stm32f4xx_hal_rtc.o
 .debug_abbrev  0x00001c0f      0x278 ./Drivers/STM32F4xx_HAL_Driver/Src/stm32f4xx_hal_tim.o
 .debug_abbrev  0x00001e87      0x283 ./Drivers/STM32F4xx_HAL_Driver/Src/stm32f4xx_hal_tim_ex.o
 .debug_abbrev  0x0000210a      0x30e ./Drivers/STM32F4xx_HAL_Driver/Src/stm32f4xx_hal_uart.o
 .debug_abbrev  0x00002418       0xf5 ./ThirdParty/FreeRTOS/list.o
 .debug_abbrev  0x0000250d      0x323 ./ThirdParty/FreeRTOS/queue.o
 .debug_abbrev  0x00002830      0x37e ./ThirdParty/FreeRTOS/tasks.o
 .debug_abbrev  0x00002bae      0x2cb ./ThirdParty/FreeRTOS/timers.o
 .debug_abbrev  0x00002e79      0x25a ./ThirdParty/FreeRTOS/portable/GCC/ARM_CM4F/port.o
 .debug_abbrev  0x000030d3      0x21e ./ThirdParty/FreeRTOS/portable/MemMang/heap_4.o

.debug_aranges  0x00000000     0x12e0
 .debug_aranges
                0x00000000       0x58 ./Core/Src/main.o
 .debug_aranges
                0x00000058       0x40 ./Core/Src/stm32f4xx_hal_msp.o
 .debug_aranges
                0x00000098       0x30 ./Core/Src/stm32f4xx_hal_timebase_tim.o
 .debug_aranges
                0x000000c8       0x58 ./Core/Src/stm32f4xx_it.o
 .debug_aranges
                0x00000120       0x28 ./Core/Src/system_stm32f4xx.o
 .debug_aranges
                0x00000148       0x50 ./Core/Src/task_handler.o
 .debug_aranges
                0x00000198       0x28 ./Core/Startup/startup_stm32f407vgtx.o
 .debug_aranges
                0x000001c0       0xf0 ./Drivers/STM32F4xx_HAL_Driver/Src/stm32f4xx_hal.o
 .debug_aranges
                0x000002b0      0x130 ./Drivers/STM32F4xx_HAL_Driver/Src/stm32f4xx_hal_cortex.o
 .debug_aranges
                0x000003e0       0x90 ./Drivers/STM32F4xx_HAL_Driver/Src/stm32f4xx_hal_dma.o
 .debug_aranges
                0x00000470       0x58 ./Drivers/STM32F4xx_HAL_Driver/Src/stm32f4xx_hal_gpio.o
 .debug_aranges
                0x000004c8       0x88 ./Drivers/STM32F4xx_HAL_Driver/Src/stm32f4xx_hal_rcc.o
 .debug_aranges
                0x00000550       0x48 ./Drivers/STM32F4xx_HAL_Driver/Src/stm32f4xx_hal_rcc_ex.o
 .debug_aranges
                0x00000598       0xe8 ./Drivers/STM32F4xx_HAL_Driver/Src/stm32f4xx_hal_rtc.o
 .debug_aranges
                0x00000680      0x3d0 ./Drivers/STM32F4xx_HAL_Driver/Src/stm32f4xx_hal_tim.o
 .debug_aranges
                0x00000a50      0x168 ./Drivers/STM32F4xx_HAL_Driver/Src/stm32f4xx_hal_tim_ex.o
 .debug_aranges
                0x00000bb8      0x208 ./Drivers/STM32F4xx_HAL_Driver/Src/stm32f4xx_hal_uart.o
 .debug_aranges
                0x00000dc0       0x40 ./ThirdParty/FreeRTOS/list.o
 .debug_aranges
                0x00000e00      0x130 ./ThirdParty/FreeRTOS/queue.o
 .debug_aranges
                0x00000f30      0x1f8 ./ThirdParty/FreeRTOS/tasks.o
 .debug_aranges
                0x00001128       0xe0 ./ThirdParty/FreeRTOS/timers.o
 .debug_aranges
                0x00001208       0x80 ./ThirdParty/FreeRTOS/portable/GCC/ARM_CM4F/port.o
 .debug_aranges
                0x00001288       0x58 ./ThirdParty/FreeRTOS/portable/MemMang/heap_4.o

.debug_rnglists
                0x00000000      0xeb1
 .debug_rnglists
                0x00000000       0x41 ./Core/Src/main.o
 .debug_rnglists
                0x00000041       0x2c ./Core/Src/stm32f4xx_hal_msp.o
 .debug_rnglists
                0x0000006d       0x20 ./Core/Src/stm32f4xx_hal_timebase_tim.o
 .debug_rnglists
                0x0000008d       0x3d ./Core/Src/stm32f4xx_it.o
 .debug_rnglists
                0x000000ca       0x1a ./Core/Src/system_stm32f4xx.o
 .debug_rnglists
                0x000000e4       0x3a ./Core/Src/task_handler.o
 .debug_rnglists
                0x0000011e       0x19 ./Core/Startup/startup_stm32f407vgtx.o
 .debug_rnglists
                0x00000137       0xaf ./Drivers/STM32F4xx_HAL_Driver/Src/stm32f4xx_hal.o
 .debug_rnglists
                0x000001e6       0xe0 ./Drivers/STM32F4xx_HAL_Driver/Src/stm32f4xx_hal_cortex.o
 .debug_rnglists
                0x000002c6       0x70 ./Drivers/STM32F4xx_HAL_Driver/Src/stm32f4xx_hal_dma.o
 .debug_rnglists
                0x00000336       0x3f ./Drivers/STM32F4xx_HAL_Driver/Src/stm32f4xx_hal_gpio.o
 .debug_rnglists
                0x00000375       0x66 ./Drivers/STM32F4xx_HAL_Driver/Src/stm32f4xx_hal_rcc.o
 .debug_rnglists
                0x000003db       0x35 ./Drivers/STM32F4xx_HAL_Driver/Src/stm32f4xx_hal_rcc_ex.o
 .debug_rnglists
                0x00000410       0xb4 ./Drivers/STM32F4xx_HAL_Driver/Src/stm32f4xx_hal_rtc.o
 .debug_rnglists
                0x000004c4      0x31a ./Drivers/STM32F4xx_HAL_Driver/Src/stm32f4xx_hal_tim.o
 .debug_rnglists
                0x000007de      0x125 ./Drivers/STM32F4xx_HAL_Driver/Src/stm32f4xx_hal_tim_ex.o
 .debug_rnglists
                0x00000903      0x1bc ./Drivers/STM32F4xx_HAL_Driver/Src/stm32f4xx_hal_uart.o
 .debug_rnglists
                0x00000abf       0x2b ./ThirdParty/FreeRTOS/list.o
 .debug_rnglists
                0x00000aea       0xec ./ThirdParty/FreeRTOS/queue.o
 .debug_rnglists
                0x00000bd6      0x195 ./ThirdParty/FreeRTOS/tasks.o
 .debug_rnglists
                0x00000d6b       0xa7 ./ThirdParty/FreeRTOS/timers.o
 .debug_rnglists
                0x00000e12       0x5d ./ThirdParty/FreeRTOS/portable/GCC/ARM_CM4F/port.o
 .debug_rnglists
                0x00000e6f       0x42 ./ThirdParty/FreeRTOS/portable/MemMang/heap_4.o

.debug_macro    0x00000000    0x2306f
 .debug_macro   0x00000000      0x378 ./Core/Src/main.o
 .debug_macro   0x00000378      0x2a1 ./Core/Src/main.o
 .debug_macro   0x00000619       0x2e ./Core/Src/main.o
 .debug_macro   0x00000647       0x2f ./Core/Src/main.o
 .debug_macro   0x00000676       0x22 ./Core/Src/main.o
 .debug_macro   0x00000698       0x8e ./Core/Src/main.o
 .debug_macro   0x00000726       0x51 ./Core/Src/main.o
 .debug_macro   0x00000777      0x103 ./Core/Src/main.o
 .debug_macro   0x0000087a       0x6a ./Core/Src/main.o
 .debug_macro   0x000008e4      0x1df ./Core/Src/main.o
 .debug_macro   0x00000ac3       0x1c ./Core/Src/main.o
 .debug_macro   0x00000adf       0x22 ./Core/Src/main.o
 .debug_macro   0x00000b01       0xfb ./Core/Src/main.o
 .debug_macro   0x00000bfc     0x1011 ./Core/Src/main.o
 .debug_macro   0x00001c0d      0x11f ./Core/Src/main.o
 .debug_macro   0x00001d2c    0x15e97 ./Core/Src/main.o
 .debug_macro   0x00017bc3       0x6d ./Core/Src/main.o
 .debug_macro   0x00017c30     0x369a ./Core/Src/main.o
 .debug_macro   0x0001b2ca      0x189 ./Core/Src/main.o
 .debug_macro   0x0001b453       0x5c ./Core/Src/main.o
 .debug_macro   0x0001b4af      0x980 ./Core/Src/main.o
 .debug_macro   0x0001be2f      0x9e9 ./Core/Src/main.o
 .debug_macro   0x0001c818      0x115 ./Core/Src/main.o
 .debug_macro   0x0001c92d      0x13e ./Core/Src/main.o
 .debug_macro   0x0001ca6b       0xa5 ./Core/Src/main.o
 .debug_macro   0x0001cb10      0x174 ./Core/Src/main.o
 .debug_macro   0x0001cc84      0x287 ./Core/Src/main.o
 .debug_macro   0x0001cf0b       0x5f ./Core/Src/main.o
 .debug_macro   0x0001cf6a      0x236 ./Core/Src/main.o
 .debug_macro   0x0001d1a0      0x12c ./Core/Src/main.o
 .debug_macro   0x0001d2cc      0x21e ./Core/Src/main.o
 .debug_macro   0x0001d4ea       0x2e ./Core/Src/main.o
 .debug_macro   0x0001d518      0x127 ./Core/Src/main.o
 .debug_macro   0x0001d63f       0x7e ./Core/Src/main.o
 .debug_macro   0x0001d6bd       0x89 ./Core/Src/main.o
 .debug_macro   0x0001d746      0x30c ./Core/Src/main.o
 .debug_macro   0x0001da52      0x44b ./Core/Src/main.o
 .debug_macro   0x0001de9d       0xeb ./Core/Src/main.o
 .debug_macro   0x0001df88      0x8ed ./Core/Src/main.o
 .debug_macro   0x0001e875       0x4d ./Core/Src/main.o
 .debug_macro   0x0001e8c2      0x2aa ./Core/Src/main.o
 .debug_macro   0x0001eb6c      0x12d ./Core/Src/main.o
 .debug_macro   0x0001ec99      0x106 ./Core/Src/main.o
 .debug_macro   0x0001ed9f      0x15a ./Core/Src/main.o
 .debug_macro   0x0001eef9       0xea ./Core/Src/main.o
 .debug_macro   0x0001efe3       0x28 ./Core/Src/main.o
 .debug_macro   0x0001f00b       0x1f ./Core/Src/main.o
 .debug_macro   0x0001f02a       0x12 ./Core/Src/main.o
 .debug_macro   0x0001f03c      0x50b ./Core/Src/main.o
 .debug_macro   0x0001f547       0xc3 ./Core/Src/main.o
 .debug_macro   0x0001f60a      0x120 ./Core/Src/main.o
 .debug_macro   0x0001f72a       0x80 ./Core/Src/main.o
 .debug_macro   0x0001f7aa       0x61 ./Core/Src/main.o
 .debug_macro   0x0001f80b       0x2a ./Core/Src/main.o
 .debug_macro   0x0001f835       0x43 ./Core/Src/main.o
 .debug_macro   0x0001f878       0x34 ./Core/Src/main.o
 .debug_macro   0x0001f8ac       0x16 ./Core/Src/main.o
 .debug_macro   0x0001f8c2       0x43 ./Core/Src/main.o
 .debug_macro   0x0001f905       0x34 ./Core/Src/main.o
 .debug_macro   0x0001f939       0x10 ./Core/Src/main.o
 .debug_macro   0x0001f949       0x58 ./Core/Src/main.o
 .debug_macro   0x0001f9a1       0x8e ./Core/Src/main.o
 .debug_macro   0x0001fa2f       0x1c ./Core/Src/main.o
 .debug_macro   0x0001fa4b      0x177 ./Core/Src/main.o
 .debug_macro   0x0001fbc2      0x369 ./Core/Src/main.o
 .debug_macro   0x0001ff2b       0x10 ./Core/Src/main.o
 .debug_macro   0x0001ff3b       0x35 ./Core/Src/main.o
 .debug_macro   0x0001ff70       0x20 ./Core/Src/main.o
 .debug_macro   0x0001ff90      0x1ce ./Core/Src/main.o
 .debug_macro   0x0002015e       0x1c ./Core/Src/main.o
 .debug_macro   0x0002017a       0x10 ./Core/Src/main.o
 .debug_macro   0x0002018a       0x1c ./Core/Src/main.o
 .debug_macro   0x000201a6       0x16 ./Core/Src/main.o
 .debug_macro   0x000201bc      0x146 ./Core/Src/main.o
 .debug_macro   0x00020302      0x344 ./Core/Src/stm32f4xx_hal_msp.o
 .debug_macro   0x00020646      0x1e7 ./Core/Src/stm32f4xx_hal_timebase_tim.o
 .debug_macro   0x0002082d      0x34e ./Core/Src/stm32f4xx_it.o
 .debug_macro   0x00020b7b      0x1e7 ./Core/Src/system_stm32f4xx.o
 .debug_macro   0x00020d62      0x344 ./Core/Src/task_handler.o
 .debug_macro   0x000210a6      0x247 ./Drivers/STM32F4xx_HAL_Driver/Src/stm32f4xx_hal.o
 .debug_macro   0x000212ed      0x1e7 ./Drivers/STM32F4xx_HAL_Driver/Src/stm32f4xx_hal_cortex.o
 .debug_macro   0x000214d4      0x1ed ./Drivers/STM32F4xx_HAL_Driver/Src/stm32f4xx_hal_dma.o
 .debug_macro   0x000216c1      0x1ed ./Drivers/STM32F4xx_HAL_Driver/Src/stm32f4xx_hal_gpio.o
 .debug_macro   0x000218ae      0x20b ./Drivers/STM32F4xx_HAL_Driver/Src/stm32f4xx_hal_rcc.o
 .debug_macro   0x00021ab9      0x1e7 ./Drivers/STM32F4xx_HAL_Driver/Src/stm32f4xx_hal_rcc_ex.o
 .debug_macro   0x00021ca0      0x1e8 ./Drivers/STM32F4xx_HAL_Driver/Src/stm32f4xx_hal_rtc.o
 .debug_macro   0x00021e88      0x1e8 ./Drivers/STM32F4xx_HAL_Driver/Src/stm32f4xx_hal_tim.o
 .debug_macro   0x00022070      0x1e7 ./Drivers/STM32F4xx_HAL_Driver/Src/stm32f4xx_hal_tim_ex.o
 .debug_macro   0x00022257      0x1e8 ./Drivers/STM32F4xx_HAL_Driver/Src/stm32f4xx_hal_uart.o
 .debug_macro   0x0002243f      0x198 ./ThirdParty/FreeRTOS/list.o
 .debug_macro   0x000225d7      0x221 ./ThirdParty/FreeRTOS/queue.o
 .debug_macro   0x000227f8       0x16 ./ThirdParty/FreeRTOS/queue.o
 .debug_macro   0x0002280e      0x27e ./ThirdParty/FreeRTOS/tasks.o
 .debug_macro   0x00022a8c       0x17 ./ThirdParty/FreeRTOS/tasks.o
 .debug_macro   0x00022aa3      0x1e7 ./ThirdParty/FreeRTOS/timers.o
 .debug_macro   0x00022c8a       0x97 ./ThirdParty/FreeRTOS/timers.o
 .debug_macro   0x00022d21      0x19b ./ThirdParty/FreeRTOS/portable/GCC/ARM_CM4F/port.o
 .debug_macro   0x00022ebc      0x1b3 ./ThirdParty/FreeRTOS/portable/MemMang/heap_4.o

.debug_line     0x00000000    0x1746c
 .debug_line    0x00000000      0xd30 ./Core/Src/main.o
 .debug_line    0x00000d30      0xb2c ./Core/Src/stm32f4xx_hal_msp.o
 .debug_line    0x0000185c      0x7d6 ./Core/Src/stm32f4xx_hal_timebase_tim.o
 .debug_line    0x00002032      0xb45 ./Core/Src/stm32f4xx_it.o
 .debug_line    0x00002b77      0x7df ./Core/Src/system_stm32f4xx.o
 .debug_line    0x00003356      0xc0b ./Core/Src/task_handler.o
 .debug_line    0x00003f61       0x7a ./Core/Startup/startup_stm32f407vgtx.o
 .debug_line    0x00003fdb      0xa48 ./Drivers/STM32F4xx_HAL_Driver/Src/stm32f4xx_hal.o
 .debug_line    0x00004a23      0xd3a ./Drivers/STM32F4xx_HAL_Driver/Src/stm32f4xx_hal_cortex.o
 .debug_line    0x0000575d      0xfb8 ./Drivers/STM32F4xx_HAL_Driver/Src/stm32f4xx_hal_dma.o
 .debug_line    0x00006715      0xbd4 ./Drivers/STM32F4xx_HAL_Driver/Src/stm32f4xx_hal_gpio.o
 .debug_line    0x000072e9      0xdd3 ./Drivers/STM32F4xx_HAL_Driver/Src/stm32f4xx_hal_rcc.o
 .debug_line    0x000080bc      0xa5c ./Drivers/STM32F4xx_HAL_Driver/Src/stm32f4xx_hal_rcc_ex.o
 .debug_line    0x00008b18     0x112c ./Drivers/STM32F4xx_HAL_Driver/Src/stm32f4xx_hal_rtc.o
 .debug_line    0x00009c44     0x37ec ./Drivers/STM32F4xx_HAL_Driver/Src/stm32f4xx_hal_tim.o
 .debug_line    0x0000d430     0x1a3e ./Drivers/STM32F4xx_HAL_Driver/Src/stm32f4xx_hal_tim_ex.o
 .debug_line    0x0000ee6e     0x291a ./Drivers/STM32F4xx_HAL_Driver/Src/stm32f4xx_hal_uart.o
 .debug_line    0x00011788      0x7d4 ./ThirdParty/FreeRTOS/list.o
 .debug_line    0x00011f5c     0x16fd ./ThirdParty/FreeRTOS/queue.o
 .debug_line    0x00013659     0x1e3c ./ThirdParty/FreeRTOS/tasks.o
 .debug_line    0x00015495      0xd05 ./ThirdParty/FreeRTOS/timers.o
 .debug_line    0x0001619a      0x8b2 ./ThirdParty/FreeRTOS/portable/GCC/ARM_CM4F/port.o
 .debug_line    0x00016a4c      0xa20 ./ThirdParty/FreeRTOS/portable/MemMang/heap_4.o

.debug_str      0x00000000    0xda4f0
 .debug_str     0x00000000    0xd37e9 ./Core/Src/main.o
                              0xd3ba5 (size before relaxing)
 .debug_str     0x000d37e9      0x62d ./Core/Src/stm32f4xx_hal_msp.o
                              0xd33f4 (size before relaxing)
 .debug_str     0x000d3e16      0x107 ./Core/Src/stm32f4xx_hal_timebase_tim.o
                              0xca3f5 (size before relaxing)
 .debug_str     0x000d3f1d       0xdf ./Core/Src/stm32f4xx_it.o
                              0xd2dc0 (size before relaxing)
 .debug_str     0x000d3ffc       0xdb ./Core/Src/system_stm32f4xx.o
                              0xc98fe (size before relaxing)
 .debug_str     0x000d40d7       0xea ./Core/Src/task_handler.o
                              0xd2d6a (size before relaxing)
 .debug_str     0x000d41c1       0x44 ./Core/Startup/startup_stm32f407vgtx.o
                                 0x93 (size before relaxing)
 .debug_str     0x000d4205      0x5d3 ./Drivers/STM32F4xx_HAL_Driver/Src/stm32f4xx_hal.o
                              0xca482 (size before relaxing)
 .debug_str     0x000d47d8      0x366 ./Drivers/STM32F4xx_HAL_Driver/Src/stm32f4xx_hal_cortex.o
                              0xca1fe (size before relaxing)
 .debug_str     0x000d4b3e      0x323 ./Drivers/STM32F4xx_HAL_Driver/Src/stm32f4xx_hal_dma.o
                              0xc9d18 (size before relaxing)
 .debug_str     0x000d4e61      0x121 ./Drivers/STM32F4xx_HAL_Driver/Src/stm32f4xx_hal_gpio.o
                              0xc9a79 (size before relaxing)
 .debug_str     0x000d4f82      0x1fd ./Drivers/STM32F4xx_HAL_Driver/Src/stm32f4xx_hal_rcc.o
                              0xc9d32 (size before relaxing)
 .debug_str     0x000d517f       0xf9 ./Drivers/STM32F4xx_HAL_Driver/Src/stm32f4xx_hal_rcc_ex.o
                              0xc9a50 (size before relaxing)
 .debug_str     0x000d5278      0x337 ./Drivers/STM32F4xx_HAL_Driver/Src/stm32f4xx_hal_rtc.o
                              0xc9d6d (size before relaxing)
 .debug_str     0x000d55af      0xe4c ./Drivers/STM32F4xx_HAL_Driver/Src/stm32f4xx_hal_tim.o
                              0xcac88 (size before relaxing)
 .debug_str     0x000d63fb      0x503 ./Drivers/STM32F4xx_HAL_Driver/Src/stm32f4xx_hal_tim_ex.o
                              0xca494 (size before relaxing)
 .debug_str     0x000d68fe      0x5c0 ./Drivers/STM32F4xx_HAL_Driver/Src/stm32f4xx_hal_uart.o
                              0xca313 (size before relaxing)
 .debug_str     0x000d6ebe      0x265 ./ThirdParty/FreeRTOS/list.o
                               0xb0f0 (size before relaxing)
 .debug_str     0x000d7123      0x9d6 ./ThirdParty/FreeRTOS/queue.o
                               0xd58a (size before relaxing)
 .debug_str     0x000d7af9     0x1a3b ./ThirdParty/FreeRTOS/tasks.o
                               0xe1e9 (size before relaxing)
 .debug_str     0x000d9534      0x545 ./ThirdParty/FreeRTOS/timers.o
                               0xd94d (size before relaxing)
 .debug_str     0x000d9a79      0x767 ./ThirdParty/FreeRTOS/portable/GCC/ARM_CM4F/port.o
                               0x98b4 (size before relaxing)
 .debug_str     0x000da1e0      0x310 ./ThirdParty/FreeRTOS/portable/MemMang/heap_4.o
                               0xc5b9 (size before relaxing)

.comment        0x00000000       0x43
 .comment       0x00000000       0x43 ./Core/Src/main.o
                                 0x44 (size before relaxing)
 .comment       0x00000043       0x44 ./Core/Src/stm32f4xx_hal_msp.o
 .comment       0x00000043       0x44 ./Core/Src/stm32f4xx_hal_timebase_tim.o
 .comment       0x00000043       0x44 ./Core/Src/stm32f4xx_it.o
 .comment       0x00000043       0x44 ./Core/Src/system_stm32f4xx.o
 .comment       0x00000043       0x44 ./Core/Src/task_handler.o
 .comment       0x00000043       0x44 ./Drivers/STM32F4xx_HAL_Driver/Src/stm32f4xx_hal.o
 .comment       0x00000043       0x44 ./Drivers/STM32F4xx_HAL_Driver/Src/stm32f4xx_hal_cortex.o
 .comment       0x00000043       0x44 ./Drivers/STM32F4xx_HAL_Driver/Src/stm32f4xx_hal_dma.o
 .comment       0x00000043       0x44 ./Drivers/STM32F4xx_HAL_Driver/Src/stm32f4xx_hal_gpio.o
 .comment       0x00000043       0x44 ./Drivers/STM32F4xx_HAL_Driver/Src/stm32f4xx_hal_rcc.o
 .comment       0x00000043       0x44 ./Drivers/STM32F4xx_HAL_Driver/Src/stm32f4xx_hal_rcc_ex.o
 .comment       0x00000043       0x44 ./Drivers/STM32F4xx_HAL_Driver/Src/stm32f4xx_hal_rtc.o
 .comment       0x00000043       0x44 ./Drivers/STM32F4xx_HAL_Driver/Src/stm32f4xx_hal_tim.o
 .comment       0x00000043       0x44 ./Drivers/STM32F4xx_HAL_Driver/Src/stm32f4xx_hal_tim_ex.o
 .comment       0x00000043       0x44 ./Drivers/STM32F4xx_HAL_Driver/Src/stm32f4xx_hal_uart.o
 .comment       0x00000043       0x44 ./ThirdParty/FreeRTOS/list.o
 .comment       0x00000043       0x44 ./ThirdParty/FreeRTOS/queue.o
 .comment       0x00000043       0x44 ./ThirdParty/FreeRTOS/tasks.o
 .comment       0x00000043       0x44 ./ThirdParty/FreeRTOS/timers.o
 .comment       0x00000043       0x44 ./ThirdParty/FreeRTOS/portable/GCC/ARM_CM4F/port.o
 .comment       0x00000043       0x44 ./ThirdParty/FreeRTOS/portable/MemMang/heap_4.o

.debug_frame    0x00000000     0x4ed8
 .debug_frame   0x00000000      0x114 ./Core/Src/main.o
 .debug_frame   0x00000114       0xcc ./Core/Src/stm32f4xx_hal_msp.o
 .debug_frame   0x000001e0       0x74 ./Core/Src/stm32f4xx_hal_timebase_tim.o
 .debug_frame   0x00000254       0xe0 ./Core/Src/stm32f4xx_it.o
 .debug_frame   0x00000334       0x58 ./Core/Src/system_stm32f4xx.o
 .debug_frame   0x0000038c       0xf4 ./Core/Src/task_handler.o
 .debug_frame   0x00000480      0x374 ./Drivers/STM32F4xx_HAL_Driver/Src/stm32f4xx_hal.o
 .debug_frame   0x000007f4      0x508 ./Drivers/STM32F4xx_HAL_Driver/Src/stm32f4xx_hal_cortex.o
 .debug_frame   0x00000cfc      0x250 ./Drivers/STM32F4xx_HAL_Driver/Src/stm32f4xx_hal_dma.o
 .debug_frame   0x00000f4c      0x14c ./Drivers/STM32F4xx_HAL_Driver/Src/stm32f4xx_hal_gpio.o
 .debug_frame   0x00001098      0x1f4 ./Drivers/STM32F4xx_HAL_Driver/Src/stm32f4xx_hal_rcc.o
 .debug_frame   0x0000128c       0xf0 ./Drivers/STM32F4xx_HAL_Driver/Src/stm32f4xx_hal_rcc_ex.o
 .debug_frame   0x0000137c      0x3f4 ./Drivers/STM32F4xx_HAL_Driver/Src/stm32f4xx_hal_rtc.o
 .debug_frame   0x00001770     0x11c0 ./Drivers/STM32F4xx_HAL_Driver/Src/stm32f4xx_hal_tim.o
 .debug_frame   0x00002930      0x638 ./Drivers/STM32F4xx_HAL_Driver/Src/stm32f4xx_hal_tim_ex.o
 .debug_frame   0x00002f68      0x954 ./Drivers/STM32F4xx_HAL_Driver/Src/stm32f4xx_hal_uart.o
 .debug_frame   0x000038bc       0xd8 ./ThirdParty/FreeRTOS/list.o
 .debug_frame   0x00003994      0x534 ./ThirdParty/FreeRTOS/queue.o
 .debug_frame   0x00003ec8      0x8a4 ./ThirdParty/FreeRTOS/tasks.o
 .debug_frame   0x0000476c      0x3a4 ./ThirdParty/FreeRTOS/timers.o
 .debug_frame   0x00004b10      0x1a8 ./ThirdParty/FreeRTOS/portable/GCC/ARM_CM4F/port.o
 .debug_frame   0x00004cb8      0x12c ./ThirdParty/FreeRTOS/portable/MemMang/heap_4.o
 .debug_frame   0x00004de4       0x20 /Applications/STM32CubeIDE.app/Contents/Eclipse/plugins/com.st.stm32cube.ide.mcu.externaltools.gnu-tools-for-stm32.12.3.rel1.macos64_1.0.100.202403111906/tools/bin/../lib/gcc/arm-none-eabi/12.3.1/../../../../arm-none-eabi/lib/thumb/v7e-m+fp/hard/libc_nano.a(libc_a-memset.o)
 .debug_frame   0x00004e04       0x2c /Applications/STM32CubeIDE.app/Contents/Eclipse/plugins/com.st.stm32cube.ide.mcu.externaltools.gnu-tools-for-stm32.12.3.rel1.macos64_1.0.100.202403111906/tools/bin/../lib/gcc/arm-none-eabi/12.3.1/../../../../arm-none-eabi/lib/thumb/v7e-m+fp/hard/libc_nano.a(libc_a-init.o)
 .debug_frame   0x00004e30       0x28 /Applications/STM32CubeIDE.app/Contents/Eclipse/plugins/com.st.stm32cube.ide.mcu.externaltools.gnu-tools-for-stm32.12.3.rel1.macos64_1.0.100.202403111906/tools/bin/../lib/gcc/arm-none-eabi/12.3.1/../../../../arm-none-eabi/lib/thumb/v7e-m+fp/hard/libc_nano.a(libc_a-memcpy-stub.o)
 .debug_frame   0x00004e58       0x20 /Applications/STM32CubeIDE.app/Contents/Eclipse/plugins/com.st.stm32cube.ide.mcu.externaltools.gnu-tools-for-stm32.12.3.rel1.macos64_1.0.100.202403111906/tools/bin/../lib/gcc/arm-none-eabi/12.3.1/../../../../arm-none-eabi/lib/thumb/v7e-m+fp/hard/libc_nano.a(libc_a-strcmp.o)
 .debug_frame   0x00004e78       0x2c /Applications/STM32CubeIDE.app/Contents/Eclipse/plugins/com.st.stm32cube.ide.mcu.externaltools.gnu-tools-for-stm32.12.3.rel1.macos64_1.0.100.202403111906/tools/bin/../lib/gcc/arm-none-eabi/12.3.1/thumb/v7e-m+fp/hard/libgcc.a(_aeabi_uldivmod.o)
 .debug_frame   0x00004ea4       0x34 /Applications/STM32CubeIDE.app/Contents/Eclipse/plugins/com.st.stm32cube.ide.mcu.externaltools.gnu-tools-for-stm32.12.3.rel1.macos64_1.0.100.202403111906/tools/bin/../lib/gcc/arm-none-eabi/12.3.1/thumb/v7e-m+fp/hard/libgcc.a(_udivmoddi4.o)

.debug_line_str
                0x00000000       0x77
 .debug_line_str
                0x00000000       0x77 ./Core/Startup/startup_stm32f407vgtx.o
